OpenJDK 64-Bit Server VM (25.40-b25) for linux-amd64 JRE (1.8.0_41-b04), built on Jan 14 2020 22:59:57 by "java_re" with gcc 4.3.0 20080428 (Red Hat 4.3.0-8)
Memory: 4k page, physical 20756568k(3091708k free), swap 10448892k(10448892k free)
CommandLine flags: -XX:InitialHeapSize=536870912 -XX:MaxHeapSize=536870912 -XX:MaxNewSize=178958336 -XX:MaxTenuringThreshold=6 -XX:NewSize=178958336 -XX:OldPLABSize=16 -XX:OldSize=357912576 -XX:+PrintGC -XX:+PrintGCDetails -XX:+PrintGCTimeStamps -XX:-UseAdaptiveSizePolicy -XX:+UseCompressedClassPointers -XX:+UseCompressedOops -XX:+UseConcMarkSweepGC -XX:+UseParNewGC 
0.115: [GC (Allocation Failure) 0.115: [ParNew: 139776K->17471K(157248K), 0.0099467 secs] 139776K->43892K(506816K), 0.0101001 secs] [Times: user=0.02 sys=0.05, real=0.01 secs] 
0.162: [GC (Allocation Failure) 0.162: [ParNew: 157247K->17465K(157248K), 0.0152854 secs] 183668K->87923K(506816K), 0.0153796 secs] [Times: user=0.03 sys=0.04, real=0.02 secs] 
0.205: [GC (Allocation Failure) 0.206: [ParNew: 157241K->17472K(157248K), 0.0221350 secs] 227699K->132304K(506816K), 0.0222766 secs] [Times: user=0.11 sys=0.03, real=0.02 secs] 
0.259: [GC (Allocation Failure) 0.259: [ParNew: 157022K->17469K(157248K), 0.0181103 secs] 271855K->174146K(506816K), 0.0182065 secs] [Times: user=0.12 sys=0.02, real=0.02 secs] 
0.304: [GC (Allocation Failure) 0.304: [ParNew: 157245K->17471K(157248K), 0.0209529 secs] 313922K->219796K(506816K), 0.0210663 secs] [Times: user=0.15 sys=0.00, real=0.03 secs] 
0.325: [GC (CMS Initial Mark) [1 CMS-initial-mark: 202325K(349568K)] 220326K(506816K), 0.0005969 secs] [Times: user=0.00 sys=0.00, real=0.00 secs] 
0.326: [CMS-concurrent-mark-start]
0.332: [CMS-concurrent-mark: 0.006/0.006 secs] [Times: user=0.01 sys=0.01, real=0.00 secs] 
0.332: [CMS-concurrent-preclean-start]
0.333: [CMS-concurrent-preclean: 0.000/0.000 secs] [Times: user=0.00 sys=0.00, real=0.00 secs] 
0.333: [CMS-concurrent-abortable-preclean-start]
0.358: [GC (Allocation Failure) 0.358: [ParNew: 157247K->17469K(157248K), 0.0201743 secs] 359572K->262328K(506816K), 0.0202786 secs] [Times: user=0.14 sys=0.02, real=0.02 secs] 
0.409: [GC (Allocation Failure) 0.409: [ParNew: 157245K->17471K(157248K), 0.0224264 secs] 402104K->306624K(506816K), 0.0225343 secs] [Times: user=0.12 sys=0.03, real=0.02 secs] 
0.460: [GC (Allocation Failure) 0.460: [ParNew: 156909K->17470K(157248K), 0.0183445 secs] 446062K->344969K(506816K), 0.0184450 secs] [Times: user=0.12 sys=0.02, real=0.02 secs] 
0.507: [GC (Allocation Failure) 0.507: [ParNew: 157246K->157246K(157248K), 0.0000255 secs]0.507: [CMS0.507: [CMS-concurrent-abortable-preclean: 0.004/0.174 secs] [Times: user=0.50 sys=0.07, real=0.18 secs] 
 (concurrent mode failure): 327498K->254366K(349568K), 0.0616522 secs] 484745K->254366K(506816K), [Metaspace: 2482K->2482K(1056768K)], 0.0618559 secs] [Times: user=0.06 sys=0.00, real=0.06 secs] 
0.597: [GC (Allocation Failure) 0.597: [ParNew: 139776K->17471K(157248K), 0.0114771 secs] 394142K->299499K(506816K), 0.0115985 secs] [Times: user=0.05 sys=0.01, real=0.01 secs] 
0.609: [GC (CMS Initial Mark) [1 CMS-initial-mark: 282028K(349568K)] 299787K(506816K), 0.0006820 secs] [Times: user=0.00 sys=0.00, real=0.00 secs] 
0.610: [CMS-concurrent-mark-start]
0.612: [CMS-concurrent-mark: 0.002/0.002 secs] [Times: user=0.01 sys=0.00, real=0.00 secs] 
0.612: [CMS-concurrent-preclean-start]
0.613: [CMS-concurrent-preclean: 0.001/0.001 secs] [Times: user=0.00 sys=0.00, real=0.00 secs] 
0.613: [CMS-concurrent-abortable-preclean-start]
0.642: [GC (Allocation Failure) 0.642: [ParNew: 157247K->17471K(157248K), 0.0137040 secs] 439275K->345353K(506816K), 0.0138065 secs] [Times: user=0.10 sys=0.00, real=0.02 secs] 
0.656: [CMS-concurrent-abortable-preclean: 0.001/0.043 secs] [Times: user=0.13 sys=0.00, real=0.05 secs] 
0.657: [GC (CMS Final Remark) [YG occupancy: 24215 K (157248 K)]0.657: [Rescan (parallel) , 0.0009652 secs]0.658: [weak refs processing, 0.0000082 secs]0.658: [class unloading, 0.0002279 secs]0.658: [scrub symbol table, 0.0002416 secs]0.658: [scrub string table, 0.0000900 secs][1 CMS-remark: 327881K(349568K)] 352096K(506816K), 0.0016240 secs] [Times: user=0.01 sys=0.00, real=0.00 secs] 
0.658: [CMS-concurrent-sweep-start]
0.659: [CMS-concurrent-sweep: 0.001/0.001 secs] [Times: user=0.00 sys=0.00, real=0.00 secs] 
0.659: [CMS-concurrent-reset-start]
0.660: [CMS-concurrent-reset: 0.001/0.001 secs] [Times: user=0.00 sys=0.00, real=0.00 secs] 
0.685: [GC (Allocation Failure) 0.685: [ParNew: 156625K->156625K(157248K), 0.0000193 secs]0.685: [CMS: 298387K->292418K(349568K), 0.0670929 secs] 455013K->292418K(506816K), [Metaspace: 2482K->2482K(1056768K)], 0.0672410 secs] [Times: user=0.06 sys=0.00, real=0.06 secs] 
0.753: [GC (CMS Initial Mark) [1 CMS-initial-mark: 292418K(349568K)] 293156K(506816K), 0.0007495 secs] [Times: user=0.00 sys=0.00, real=0.00 secs] 
0.754: [CMS-concurrent-mark-start]
0.755: [CMS-concurrent-mark: 0.001/0.001 secs] [Times: user=0.01 sys=0.00, real=0.01 secs] 
0.755: [CMS-concurrent-preclean-start]
0.756: [CMS-concurrent-preclean: 0.001/0.001 secs] [Times: user=0.00 sys=0.00, real=0.00 secs] 
0.756: [CMS-concurrent-abortable-preclean-start]
0.782: [GC (Allocation Failure) 0.782: [ParNew: 139776K->17471K(157248K), 0.0080000 secs] 432194K->328553K(506816K), 0.0080944 secs] [Times: user=0.05 sys=0.00, real=0.01 secs] 
0.819: [GC (Allocation Failure) 0.819: [ParNew (promotion failed): 157247K->157246K(157248K), 0.0152117 secs]0.834: [CMS0.834: [CMS-concurrent-abortable-preclean: 0.001/0.079 secs] [Times: user=0.21 sys=0.01, real=0.08 secs] 
 (concurrent mode failure): 349419K->306838K(349568K), 0.0742318 secs] 468329K->306838K(506816K), [Metaspace: 2482K->2482K(1056768K)], 0.0897515 secs] [Times: user=0.17 sys=0.01, real=0.09 secs] 
0.937: [GC (Allocation Failure) 0.937: [ParNew: 139604K->139604K(157248K), 0.0000266 secs]0.937: [CMS: 306838K->316767K(349568K), 0.0732641 secs] 446443K->316767K(506816K), [Metaspace: 2482K->2482K(1056768K)], 0.0734330 secs] [Times: user=0.07 sys=0.00, real=0.07 secs] 
1.011: [GC (CMS Initial Mark) [1 CMS-initial-mark: 316767K(349568K)] 320007K(506816K), 0.0009375 secs] [Times: user=0.00 sys=0.00, real=0.00 secs] 
1.012: [CMS-concurrent-mark-start]
1.014: [CMS-concurrent-mark: 0.002/0.002 secs] [Times: user=0.01 sys=0.00, real=0.00 secs] 
1.014: [CMS-concurrent-preclean-start]
1.014: [CMS-concurrent-preclean: 0.001/0.001 secs] [Times: user=0.00 sys=0.00, real=0.00 secs] 
1.014: [CMS-concurrent-abortable-preclean-start]
1.043: [GC (Allocation Failure) 1.043: [ParNew: 139776K->139776K(157248K), 0.0000179 secs]1.043: [CMS1.043: [CMS-concurrent-abortable-preclean: 0.000/0.028 secs] [Times: user=0.03 sys=0.00, real=0.03 secs] 
 (concurrent mode failure): 316767K->321010K(349568K), 0.0775277 secs] 456543K->321010K(506816K), [Metaspace: 2482K->2482K(1056768K)], 0.0776577 secs] [Times: user=0.08 sys=0.00, real=0.08 secs] 
Heap
 par new generation   total 157248K, used 5603K [0x00000000e0000000, 0x00000000eaaa0000, 0x00000000eaaa0000)
  eden space 139776K,   4% used [0x00000000e0000000, 0x00000000e0578f70, 0x00000000e8880000)
  from space 17472K,   0% used [0x00000000e8880000, 0x00000000e8880000, 0x00000000e9990000)
  to   space 17472K,   0% used [0x00000000e9990000, 0x00000000e9990000, 0x00000000eaaa0000)
 concurrent mark-sweep generation total 349568K, used 321010K [0x00000000eaaa0000, 0x0000000100000000, 0x0000000100000000)
 Metaspace       used 2489K, capacity 4486K, committed 4864K, reserved 1056768K
  class space    used 264K, capacity 386K, committed 512K, reserved 1048576K
