OpenJDK 64-Bit Server VM (25.40-b25) for linux-amd64 JRE (1.8.0_41-b04), built on Jan 14 2020 22:59:57 by "java_re" with gcc 4.3.0 20080428 (Red Hat 4.3.0-8)
Memory: 4k page, physical 20756568k(3085292k free), swap 10448892k(10448892k free)
CommandLine flags: -XX:InitialHeapSize=536870912 -XX:MaxHeapSize=536870912 -XX:+PrintGC -XX:+PrintGCDetails -XX:+PrintGCTimeStamps -XX:-UseAdaptiveSizePolicy -XX:+UseCompressedClassPointers -XX:+UseCompressedOops -XX:+UseG1GC 
0.083: [GC pause (G1 Evacuation Pause) (young), 0.0140691 secs]
   [Parallel Time: 6.3 ms, GC Workers: 8]
      [GC Worker Start (ms): Min: 82.8, Avg: 83.3, Max: 84.2, Diff: 1.3]
      [Ext Root Scanning (ms): Min: 0.0, Avg: 0.3, Max: 0.6, Diff: 0.6, Sum: 2.2]
      [Update RS (ms): Min: 0.0, Avg: 0.0, Max: 0.0, Diff: 0.0, Sum: 0.0]
         [Processed Buffers: Min: 0, Avg: 0.0, Max: 0, Diff: 0, Sum: 0]
      [Scan RS (ms): Min: 0.0, Avg: 0.0, Max: 0.0, Diff: 0.0, Sum: 0.1]
      [Code Root Scanning (ms): Min: 0.0, Avg: 0.0, Max: 0.0, Diff: 0.0, Sum: 0.0]
      [Object Copy (ms): Min: 0.7, Avg: 1.3, Max: 1.5, Diff: 0.8, Sum: 10.3]
      [Termination (ms): Min: 0.0, Avg: 0.2, Max: 0.3, Diff: 0.3, Sum: 1.8]
      [GC Worker Other (ms): Min: 0.0, Avg: 0.9, Max: 3.6, Diff: 3.6, Sum: 7.4]
      [GC Worker Total (ms): Min: 1.0, Avg: 2.7, Max: 5.9, Diff: 4.9, Sum: 21.9]
      [GC Worker End (ms): Min: 85.2, Avg: 86.1, Max: 88.8, Diff: 3.6]
   [Code Root Fixup: 0.0 ms]
   [Code Root Purge: 0.0 ms]
   [Clear CT: 0.6 ms]
   [Other: 7.2 ms]
      [Choose CSet: 0.0 ms]
      [Ref Proc: 6.4 ms]
      [Ref Enq: 0.0 ms]
      [Redirty Cards: 0.5 ms]
      [Humongous Reclaim: 0.0 ms]
      [Free CSet: 0.0 ms]
   [Eden: 25.0M(25.0M)->0.0B(27.0M) Survivors: 0.0B->4096.0K Heap: 33.8M(512.0M)->8785.6K(512.0M)]
 [Times: user=0.03 sys=0.01, real=0.01 secs] 
0.110: [GC pause (G1 Evacuation Pause) (young), 0.0059708 secs]
   [Parallel Time: 4.2 ms, GC Workers: 8]
      [GC Worker Start (ms): Min: 110.0, Avg: 110.7, Max: 113.9, Diff: 3.9]
      [Ext Root Scanning (ms): Min: 0.0, Avg: 0.2, Max: 0.4, Diff: 0.4, Sum: 1.4]
      [Update RS (ms): Min: 0.0, Avg: 0.0, Max: 0.0, Diff: 0.0, Sum: 0.1]
         [Processed Buffers: Min: 0, Avg: 0.5, Max: 2, Diff: 2, Sum: 4]
      [Scan RS (ms): Min: 0.0, Avg: 0.0, Max: 0.0, Diff: 0.0, Sum: 0.1]
      [Code Root Scanning (ms): Min: 0.0, Avg: 0.0, Max: 0.0, Diff: 0.0, Sum: 0.0]
      [Object Copy (ms): Min: 0.0, Avg: 2.3, Max: 2.9, Diff: 2.9, Sum: 18.6]
      [Termination (ms): Min: 0.0, Avg: 0.7, Max: 1.0, Diff: 1.0, Sum: 5.8]
      [GC Worker Other (ms): Min: 0.0, Avg: 0.0, Max: 0.0, Diff: 0.0, Sum: 0.1]
      [GC Worker Total (ms): Min: 0.0, Avg: 3.3, Max: 3.9, Diff: 3.9, Sum: 26.2]
      [GC Worker End (ms): Min: 113.9, Avg: 113.9, Max: 114.0, Diff: 0.1]
   [Code Root Fixup: 0.0 ms]
   [Code Root Purge: 0.0 ms]
   [Clear CT: 0.4 ms]
   [Other: 1.4 ms]
      [Choose CSet: 0.0 ms]
      [Ref Proc: 0.8 ms]
      [Ref Enq: 0.0 ms]
      [Redirty Cards: 0.4 ms]
      [Humongous Reclaim: 0.0 ms]
      [Free CSet: 0.0 ms]
   [Eden: 27.0M(27.0M)->0.0B(101.0M) Survivors: 4096.0K->4096.0K Heap: 41.7M(512.0M)->22.3M(512.0M)]
 [Times: user=0.02 sys=0.01, real=0.00 secs] 
0.161: [GC pause (G1 Evacuation Pause) (young), 0.0101383 secs]
   [Parallel Time: 8.4 ms, GC Workers: 8]
      [GC Worker Start (ms): Min: 161.1, Avg: 161.4, Max: 161.6, Diff: 0.5]
      [Ext Root Scanning (ms): Min: 0.0, Avg: 0.1, Max: 0.3, Diff: 0.3, Sum: 0.9]
      [Update RS (ms): Min: 0.0, Avg: 0.2, Max: 0.4, Diff: 0.4, Sum: 1.4]
         [Processed Buffers: Min: 0, Avg: 1.2, Max: 3, Diff: 3, Sum: 10]
      [Scan RS (ms): Min: 0.0, Avg: 0.0, Max: 0.0, Diff: 0.0, Sum: 0.1]
      [Code Root Scanning (ms): Min: 0.0, Avg: 0.0, Max: 0.0, Diff: 0.0, Sum: 0.0]
      [Object Copy (ms): Min: 6.8, Avg: 7.0, Max: 7.3, Diff: 0.5, Sum: 55.6]
      [Termination (ms): Min: 0.0, Avg: 0.4, Max: 0.8, Diff: 0.8, Sum: 3.0]
      [GC Worker Other (ms): Min: 0.0, Avg: 0.0, Max: 0.0, Diff: 0.0, Sum: 0.1]
      [GC Worker Total (ms): Min: 7.4, Avg: 7.6, Max: 7.8, Diff: 0.5, Sum: 61.1]
      [GC Worker End (ms): Min: 168.9, Avg: 169.0, Max: 169.3, Diff: 0.3]
   [Code Root Fixup: 0.0 ms]
   [Code Root Purge: 0.0 ms]
   [Clear CT: 0.4 ms]
   [Other: 1.3 ms]
      [Choose CSet: 0.0 ms]
      [Ref Proc: 0.5 ms]
      [Ref Enq: 0.0 ms]
      [Redirty Cards: 0.4 ms]
      [Humongous Reclaim: 0.1 ms]
      [Free CSet: 0.1 ms]
   [Eden: 101.0M(101.0M)->0.0B(44.0M) Survivors: 4096.0K->14.0M Heap: 143.5M(512.0M)->67.5M(512.0M)]
 [Times: user=0.02 sys=0.04, real=0.01 secs] 
0.187: [GC pause (G1 Evacuation Pause) (young), 0.0074854 secs]
   [Parallel Time: 5.6 ms, GC Workers: 8]
      [GC Worker Start (ms): Min: 187.0, Avg: 187.2, Max: 187.4, Diff: 0.4]
      [Ext Root Scanning (ms): Min: 0.0, Avg: 0.1, Max: 0.2, Diff: 0.2, Sum: 0.5]
      [Update RS (ms): Min: 0.0, Avg: 0.1, Max: 0.1, Diff: 0.1, Sum: 0.4]
         [Processed Buffers: Min: 0, Avg: 1.1, Max: 3, Diff: 3, Sum: 9]
      [Scan RS (ms): Min: 0.0, Avg: 0.0, Max: 0.0, Diff: 0.0, Sum: 0.1]
      [Code Root Scanning (ms): Min: 0.0, Avg: 0.0, Max: 0.0, Diff: 0.0, Sum: 0.0]
      [Object Copy (ms): Min: 4.5, Avg: 4.7, Max: 4.9, Diff: 0.3, Sum: 37.4]
      [Termination (ms): Min: 0.0, Avg: 0.2, Max: 0.3, Diff: 0.3, Sum: 1.9]
      [GC Worker Other (ms): Min: 0.0, Avg: 0.0, Max: 0.0, Diff: 0.0, Sum: 0.1]
      [GC Worker Total (ms): Min: 4.8, Avg: 5.0, Max: 5.2, Diff: 0.4, Sum: 40.4]
      [GC Worker End (ms): Min: 192.2, Avg: 192.2, Max: 192.3, Diff: 0.1]
   [Code Root Fixup: 0.0 ms]
   [Code Root Purge: 0.0 ms]
   [Clear CT: 0.5 ms]
   [Other: 1.4 ms]
      [Choose CSet: 0.0 ms]
      [Ref Proc: 0.7 ms]
      [Ref Enq: 0.0 ms]
      [Redirty Cards: 0.4 ms]
      [Humongous Reclaim: 0.0 ms]
      [Free CSet: 0.0 ms]
   [Eden: 44.0M(44.0M)->0.0B(96.0M) Survivors: 14.0M->8192.0K Heap: 120.5M(512.0M)->85.8M(512.0M)]
 [Times: user=0.02 sys=0.02, real=0.01 secs] 
0.231: [GC pause (G1 Evacuation Pause) (young), 0.0094789 secs]
   [Parallel Time: 7.5 ms, GC Workers: 8]
      [GC Worker Start (ms): Min: 231.0, Avg: 231.2, Max: 231.4, Diff: 0.4]
      [Ext Root Scanning (ms): Min: 0.0, Avg: 0.1, Max: 0.2, Diff: 0.2, Sum: 0.5]
      [Update RS (ms): Min: 0.0, Avg: 0.2, Max: 0.4, Diff: 0.4, Sum: 1.4]
         [Processed Buffers: Min: 0, Avg: 1.9, Max: 5, Diff: 5, Sum: 15]
      [Scan RS (ms): Min: 0.0, Avg: 0.0, Max: 0.1, Diff: 0.0, Sum: 0.2]
      [Code Root Scanning (ms): Min: 0.0, Avg: 0.0, Max: 0.0, Diff: 0.0, Sum: 0.0]
      [Object Copy (ms): Min: 6.3, Avg: 6.5, Max: 6.6, Diff: 0.3, Sum: 51.9]
      [Termination (ms): Min: 0.0, Avg: 0.1, Max: 0.2, Diff: 0.2, Sum: 1.0]
      [GC Worker Other (ms): Min: 0.0, Avg: 0.0, Max: 0.1, Diff: 0.1, Sum: 0.3]
      [GC Worker Total (ms): Min: 6.7, Avg: 6.9, Max: 7.1, Diff: 0.4, Sum: 55.3]
      [GC Worker End (ms): Min: 238.0, Avg: 238.1, Max: 238.2, Diff: 0.1]
   [Code Root Fixup: 0.0 ms]
   [Code Root Purge: 0.0 ms]
   [Clear CT: 0.6 ms]
   [Other: 1.3 ms]
      [Choose CSet: 0.0 ms]
      [Ref Proc: 0.5 ms]
      [Ref Enq: 0.0 ms]
      [Redirty Cards: 0.5 ms]
      [Humongous Reclaim: 0.1 ms]
      [Free CSet: 0.0 ms]
   [Eden: 96.0M(96.0M)->0.0B(150.0M) Survivors: 8192.0K->13.0M Heap: 210.2M(512.0M)->131.7M(512.0M)]
 [Times: user=0.03 sys=0.02, real=0.01 secs] 
0.287: [GC pause (G1 Evacuation Pause) (young), 0.0142019 secs]
   [Parallel Time: 12.1 ms, GC Workers: 8]
      [GC Worker Start (ms): Min: 287.0, Avg: 287.3, Max: 287.8, Diff: 0.8]
      [Ext Root Scanning (ms): Min: 0.0, Avg: 0.1, Max: 0.2, Diff: 0.2, Sum: 0.6]
      [Update RS (ms): Min: 0.0, Avg: 0.5, Max: 0.8, Diff: 0.8, Sum: 4.1]
         [Processed Buffers: Min: 0, Avg: 2.0, Max: 4, Diff: 4, Sum: 16]
      [Scan RS (ms): Min: 0.0, Avg: 0.0, Max: 0.1, Diff: 0.1, Sum: 0.2]
      [Code Root Scanning (ms): Min: 0.0, Avg: 0.0, Max: 0.0, Diff: 0.0, Sum: 0.0]
      [Object Copy (ms): Min: 10.5, Avg: 10.7, Max: 10.8, Diff: 0.3, Sum: 85.2]
      [Termination (ms): Min: 0.0, Avg: 0.1, Max: 0.3, Diff: 0.3, Sum: 1.2]
      [GC Worker Other (ms): Min: 0.0, Avg: 0.0, Max: 0.1, Diff: 0.1, Sum: 0.3]
      [GC Worker Total (ms): Min: 10.9, Avg: 11.5, Max: 11.7, Diff: 0.9, Sum: 91.6]
      [GC Worker End (ms): Min: 298.7, Avg: 298.8, Max: 298.8, Diff: 0.1]
   [Code Root Fixup: 0.0 ms]
   [Code Root Purge: 0.0 ms]
   [Clear CT: 0.5 ms]
   [Other: 1.6 ms]
      [Choose CSet: 0.0 ms]
      [Ref Proc: 0.8 ms]
      [Ref Enq: 0.0 ms]
      [Redirty Cards: 0.4 ms]
      [Humongous Reclaim: 0.1 ms]
      [Free CSet: 0.1 ms]
   [Eden: 150.0M(150.0M)->0.0B(143.0M) Survivors: 13.0M->21.0M Heap: 320.4M(512.0M)->192.8M(512.0M)]
 [Times: user=0.04 sys=0.05, real=0.02 secs] 
0.318: [GC pause (G1 Humongous Allocation) (young) (initial-mark), 0.0156371 secs]
   [Parallel Time: 13.7 ms, GC Workers: 8]
      [GC Worker Start (ms): Min: 318.4, Avg: 318.6, Max: 318.9, Diff: 0.5]
      [Ext Root Scanning (ms): Min: 0.0, Avg: 1.5, Max: 8.9, Diff: 8.9, Sum: 11.9]
      [Update RS (ms): Min: 0.0, Avg: 0.2, Max: 0.5, Diff: 0.5, Sum: 1.9]
         [Processed Buffers: Min: 0, Avg: 1.6, Max: 4, Diff: 4, Sum: 13]
      [Scan RS (ms): Min: 0.0, Avg: 0.0, Max: 0.0, Diff: 0.0, Sum: 0.1]
      [Code Root Scanning (ms): Min: 0.0, Avg: 0.0, Max: 0.0, Diff: 0.0, Sum: 0.0]
      [Object Copy (ms): Min: 0.3, Avg: 8.2, Max: 12.3, Diff: 12.0, Sum: 65.4]
      [Termination (ms): Min: 0.0, Avg: 3.1, Max: 3.7, Diff: 3.7, Sum: 24.6]
      [GC Worker Other (ms): Min: 0.0, Avg: 0.0, Max: 0.0, Diff: 0.0, Sum: 0.1]
      [GC Worker Total (ms): Min: 12.7, Avg: 13.0, Max: 13.4, Diff: 0.6, Sum: 104.0]
      [GC Worker End (ms): Min: 331.6, Avg: 331.6, Max: 331.8, Diff: 0.2]
   [Code Root Fixup: 0.0 ms]
   [Code Root Purge: 0.0 ms]
   [Clear CT: 0.5 ms]
   [Other: 1.4 ms]
      [Choose CSet: 0.0 ms]
      [Ref Proc: 0.6 ms]
      [Ref Enq: 0.0 ms]
      [Redirty Cards: 0.5 ms]
      [Humongous Reclaim: 0.1 ms]
      [Free CSet: 0.0 ms]
   [Eden: 71.0M(143.0M)->0.0B(145.0M) Survivors: 21.0M->21.0M Heap: 278.8M(512.0M)->223.6M(512.0M)]
 [Times: user=0.07 sys=0.02, real=0.02 secs] 
0.334: [GC concurrent-root-region-scan-start]
0.334: [GC concurrent-root-region-scan-end, 0.0002624 secs]
0.334: [GC concurrent-mark-start]
0.340: [GC concurrent-mark-end, 0.0061535 secs]
0.341: [GC remark 0.341: [Finalize Marking, 0.0004606 secs] 0.341: [GC ref-proc, 0.0000599 secs] 0.341: [Unloading, 0.0005874 secs], 0.0017023 secs]
 [Times: user=0.01 sys=0.00, real=0.00 secs] 
0.343: [GC cleanup 241M->230M(512M), 0.0017280 secs]
 [Times: user=0.00 sys=0.00, real=0.00 secs] 
0.345: [GC concurrent-cleanup-start]
0.345: [GC concurrent-cleanup-end, 0.0000209 secs]
0.385: [GC pause (G1 Evacuation Pause) (young) (to-space exhausted), 0.0112589 secs]
   [Parallel Time: 8.4 ms, GC Workers: 8]
      [GC Worker Start (ms): Min: 384.8, Avg: 384.9, Max: 385.0, Diff: 0.3]
      [Ext Root Scanning (ms): Min: 0.0, Avg: 0.1, Max: 0.2, Diff: 0.2, Sum: 0.4]
      [Update RS (ms): Min: 0.1, Avg: 0.3, Max: 1.0, Diff: 0.8, Sum: 2.5]
         [Processed Buffers: Min: 0, Avg: 2.2, Max: 3, Diff: 3, Sum: 18]
      [Scan RS (ms): Min: 0.0, Avg: 0.0, Max: 0.0, Diff: 0.0, Sum: 0.2]
      [Code Root Scanning (ms): Min: 0.0, Avg: 0.0, Max: 0.0, Diff: 0.0, Sum: 0.0]
      [Object Copy (ms): Min: 6.8, Avg: 7.4, Max: 7.5, Diff: 0.7, Sum: 59.3]
      [Termination (ms): Min: 0.0, Avg: 0.1, Max: 0.2, Diff: 0.2, Sum: 0.7]
      [GC Worker Other (ms): Min: 0.0, Avg: 0.0, Max: 0.0, Diff: 0.0, Sum: 0.1]
      [GC Worker Total (ms): Min: 7.8, Avg: 7.9, Max: 8.0, Diff: 0.3, Sum: 63.2]
      [GC Worker End (ms): Min: 392.8, Avg: 392.8, Max: 392.9, Diff: 0.1]
   [Code Root Fixup: 0.0 ms]
   [Code Root Purge: 0.0 ms]
   [Clear CT: 0.4 ms]
   [Other: 2.5 ms]
      [Evacuation Failure: 0.7 ms]
      [Choose CSet: 0.0 ms]
      [Ref Proc: 0.9 ms]
      [Ref Enq: 0.0 ms]
      [Redirty Cards: 0.5 ms]
      [Humongous Reclaim: 0.1 ms]
      [Free CSet: 0.1 ms]
   [Eden: 145.0M(145.0M)->0.0B(4096.0K) Survivors: 21.0M->21.0M Heap: 404.8M(512.0M)->315.7M(512.0M)]
 [Times: user=0.05 sys=0.02, real=0.01 secs] 
0.397: [GC pause (G1 Evacuation Pause) (mixed), 0.0066151 secs]
   [Parallel Time: 5.1 ms, GC Workers: 8]
      [GC Worker Start (ms): Min: 397.3, Avg: 397.4, Max: 397.6, Diff: 0.3]
      [Ext Root Scanning (ms): Min: 0.0, Avg: 0.1, Max: 0.3, Diff: 0.3, Sum: 0.9]
      [Update RS (ms): Min: 0.1, Avg: 0.2, Max: 0.3, Diff: 0.2, Sum: 1.5]
         [Processed Buffers: Min: 1, Avg: 1.9, Max: 2, Diff: 1, Sum: 15]
      [Scan RS (ms): Min: 0.0, Avg: 0.1, Max: 0.2, Diff: 0.2, Sum: 0.5]
      [Code Root Scanning (ms): Min: 0.0, Avg: 0.0, Max: 0.0, Diff: 0.0, Sum: 0.0]
      [Object Copy (ms): Min: 4.2, Avg: 4.3, Max: 4.5, Diff: 0.2, Sum: 34.6]
      [Termination (ms): Min: 0.0, Avg: 0.1, Max: 0.1, Diff: 0.1, Sum: 0.9]
      [GC Worker Other (ms): Min: 0.0, Avg: 0.0, Max: 0.0, Diff: 0.0, Sum: 0.1]
      [GC Worker Total (ms): Min: 4.7, Avg: 4.8, Max: 5.0, Diff: 0.3, Sum: 38.4]
      [GC Worker End (ms): Min: 402.2, Avg: 402.2, Max: 402.3, Diff: 0.1]
   [Code Root Fixup: 0.0 ms]
   [Code Root Purge: 0.0 ms]
   [Clear CT: 0.4 ms]
   [Other: 1.1 ms]
      [Choose CSet: 0.0 ms]
      [Ref Proc: 0.4 ms]
      [Ref Enq: 0.0 ms]
      [Redirty Cards: 0.4 ms]
      [Humongous Reclaim: 0.1 ms]
      [Free CSet: 0.0 ms]
   [Eden: 4096.0K(4096.0K)->0.0B(80.0M) Survivors: 21.0M->3072.0K Heap: 321.6M(512.0M)->306.2M(512.0M)]
 [Times: user=0.03 sys=0.01, real=0.01 secs] 
0.404: [GC pause (G1 Humongous Allocation) (young) (initial-mark), 0.0029338 secs]
   [Parallel Time: 1.1 ms, GC Workers: 8]
      [GC Worker Start (ms): Min: 404.2, Avg: 404.3, Max: 404.4, Diff: 0.2]
      [Ext Root Scanning (ms): Min: 0.0, Avg: 0.3, Max: 0.8, Diff: 0.8, Sum: 2.2]
      [Update RS (ms): Min: 0.0, Avg: 0.2, Max: 0.5, Diff: 0.5, Sum: 1.5]
         [Processed Buffers: Min: 0, Avg: 1.1, Max: 4, Diff: 4, Sum: 9]
      [Scan RS (ms): Min: 0.0, Avg: 0.0, Max: 0.0, Diff: 0.0, Sum: 0.0]
      [Code Root Scanning (ms): Min: 0.0, Avg: 0.0, Max: 0.0, Diff: 0.0, Sum: 0.0]
      [Object Copy (ms): Min: 0.0, Avg: 0.2, Max: 0.4, Diff: 0.4, Sum: 1.5]
      [Termination (ms): Min: 0.0, Avg: 0.3, Max: 0.3, Diff: 0.3, Sum: 2.0]
      [GC Worker Other (ms): Min: 0.0, Avg: 0.0, Max: 0.0, Diff: 0.0, Sum: 0.1]
      [GC Worker Total (ms): Min: 0.8, Avg: 0.9, Max: 1.0, Diff: 0.2, Sum: 7.3]
      [GC Worker End (ms): Min: 405.2, Avg: 405.2, Max: 405.2, Diff: 0.1]
   [Code Root Fixup: 0.0 ms]
   [Code Root Purge: 0.0 ms]
   [Clear CT: 0.4 ms]
   [Other: 1.4 ms]
      [Choose CSet: 0.0 ms]
      [Ref Proc: 0.8 ms]
      [Ref Enq: 0.0 ms]
      [Redirty Cards: 0.4 ms]
      [Humongous Reclaim: 0.1 ms]
      [Free CSet: 0.0 ms]
   [Eden: 1024.0K(80.0M)->0.0B(82.0M) Survivors: 3072.0K->3072.0K Heap: 306.8M(512.0M)->306.0M(512.0M)]
 [Times: user=0.01 sys=0.00, real=0.00 secs] 
0.407: [GC concurrent-root-region-scan-start]
0.407: [GC concurrent-root-region-scan-end, 0.0002255 secs]
0.407: [GC concurrent-mark-start]
0.409: [GC concurrent-mark-end, 0.0012799 secs]
0.409: [GC remark 0.409: [Finalize Marking, 0.0004635 secs] 0.409: [GC ref-proc, 0.0000824 secs] 0.410: [Unloading, 0.0007639 secs], 0.0017315 secs]
 [Times: user=0.01 sys=0.00, real=0.00 secs] 
0.411: [GC cleanup 315M->304M(512M), 0.0018556 secs]
 [Times: user=0.00 sys=0.00, real=0.00 secs] 
0.413: [GC concurrent-cleanup-start]
0.413: [GC concurrent-cleanup-end, 0.0000200 secs]
0.432: [GC pause (G1 Evacuation Pause) (young), 0.0073484 secs]
   [Parallel Time: 5.6 ms, GC Workers: 8]
      [GC Worker Start (ms): Min: 432.3, Avg: 432.6, Max: 433.2, Diff: 0.9]
      [Ext Root Scanning (ms): Min: 0.0, Avg: 0.1, Max: 0.2, Diff: 0.2, Sum: 0.5]
      [Update RS (ms): Min: 0.0, Avg: 0.3, Max: 0.5, Diff: 0.5, Sum: 2.6]
         [Processed Buffers: Min: 0, Avg: 2.8, Max: 6, Diff: 6, Sum: 22]
      [Scan RS (ms): Min: 0.0, Avg: 0.0, Max: 0.0, Diff: 0.0, Sum: 0.2]
      [Code Root Scanning (ms): Min: 0.0, Avg: 0.0, Max: 0.0, Diff: 0.0, Sum: 0.0]
      [Object Copy (ms): Min: 4.0, Avg: 4.4, Max: 4.5, Diff: 0.5, Sum: 35.1]
      [Termination (ms): Min: 0.0, Avg: 0.1, Max: 0.3, Diff: 0.3, Sum: 1.0]
      [GC Worker Other (ms): Min: 0.0, Avg: 0.0, Max: 0.0, Diff: 0.0, Sum: 0.1]
      [GC Worker Total (ms): Min: 4.4, Avg: 4.9, Max: 5.2, Diff: 0.9, Sum: 39.4]
      [GC Worker End (ms): Min: 437.5, Avg: 437.5, Max: 437.5, Diff: 0.0]
   [Code Root Fixup: 0.0 ms]
   [Code Root Purge: 0.0 ms]
   [Clear CT: 0.4 ms]
   [Other: 1.3 ms]
      [Choose CSet: 0.0 ms]
      [Ref Proc: 0.5 ms]
      [Ref Enq: 0.0 ms]
      [Redirty Cards: 0.5 ms]
      [Humongous Reclaim: 0.1 ms]
      [Free CSet: 0.1 ms]
   [Eden: 82.0M(82.0M)->0.0B(14.0M) Survivors: 3072.0K->11.0M Heap: 398.5M(512.0M)->336.2M(512.0M)]
 [Times: user=0.04 sys=0.01, real=0.01 secs] 
0.443: [GC pause (G1 Evacuation Pause) (mixed), 0.0057894 secs]
   [Parallel Time: 4.2 ms, GC Workers: 8]
      [GC Worker Start (ms): Min: 443.3, Avg: 443.6, Max: 443.9, Diff: 0.6]
      [Ext Root Scanning (ms): Min: 0.0, Avg: 0.1, Max: 0.2, Diff: 0.2, Sum: 0.4]
      [Update RS (ms): Min: 0.2, Avg: 0.5, Max: 0.6, Diff: 0.3, Sum: 3.6]
         [Processed Buffers: Min: 1, Avg: 3.0, Max: 6, Diff: 5, Sum: 24]
      [Scan RS (ms): Min: 0.0, Avg: 0.0, Max: 0.1, Diff: 0.0, Sum: 0.2]
      [Code Root Scanning (ms): Min: 0.0, Avg: 0.0, Max: 0.0, Diff: 0.0, Sum: 0.0]
      [Object Copy (ms): Min: 2.8, Avg: 2.9, Max: 3.0, Diff: 0.2, Sum: 23.1]
      [Termination (ms): Min: 0.0, Avg: 0.1, Max: 0.1, Diff: 0.1, Sum: 0.8]
      [GC Worker Other (ms): Min: 0.0, Avg: 0.0, Max: 0.1, Diff: 0.1, Sum: 0.2]
      [GC Worker Total (ms): Min: 3.2, Avg: 3.6, Max: 3.9, Diff: 0.6, Sum: 28.5]
      [GC Worker End (ms): Min: 447.1, Avg: 447.1, Max: 447.2, Diff: 0.1]
   [Code Root Fixup: 0.0 ms]
   [Code Root Purge: 0.0 ms]
   [Clear CT: 0.4 ms]
   [Other: 1.2 ms]
      [Choose CSet: 0.0 ms]
      [Ref Proc: 0.5 ms]
      [Ref Enq: 0.0 ms]
      [Redirty Cards: 0.4 ms]
      [Humongous Reclaim: 0.1 ms]
      [Free CSet: 0.1 ms]
   [Eden: 14.0M(14.0M)->0.0B(23.0M) Survivors: 11.0M->2048.0K Heap: 354.8M(512.0M)->293.8M(512.0M)]
 [Times: user=0.03 sys=0.00, real=0.01 secs] 
0.455: [GC pause (G1 Evacuation Pause) (mixed), 0.0063516 secs]
   [Parallel Time: 4.7 ms, GC Workers: 8]
      [GC Worker Start (ms): Min: 455.2, Avg: 455.4, Max: 455.5, Diff: 0.3]
      [Ext Root Scanning (ms): Min: 0.0, Avg: 0.1, Max: 0.2, Diff: 0.2, Sum: 0.6]
      [Update RS (ms): Min: 0.3, Avg: 0.4, Max: 0.5, Diff: 0.2, Sum: 3.1]
         [Processed Buffers: Min: 0, Avg: 3.1, Max: 5, Diff: 5, Sum: 25]
      [Scan RS (ms): Min: 0.0, Avg: 0.0, Max: 0.0, Diff: 0.0, Sum: 0.2]
      [Code Root Scanning (ms): Min: 0.0, Avg: 0.0, Max: 0.0, Diff: 0.0, Sum: 0.0]
      [Object Copy (ms): Min: 3.4, Avg: 3.5, Max: 3.9, Diff: 0.5, Sum: 28.4]
      [Termination (ms): Min: 0.0, Avg: 0.3, Max: 0.5, Diff: 0.5, Sum: 2.8]
      [GC Worker Other (ms): Min: 0.0, Avg: 0.0, Max: 0.0, Diff: 0.0, Sum: 0.1]
      [GC Worker Total (ms): Min: 4.2, Avg: 4.4, Max: 4.6, Diff: 0.4, Sum: 35.1]
      [GC Worker End (ms): Min: 459.7, Avg: 459.8, Max: 459.8, Diff: 0.1]
   [Code Root Fixup: 0.0 ms]
   [Code Root Purge: 0.0 ms]
   [Clear CT: 0.4 ms]
   [Other: 1.3 ms]
      [Choose CSet: 0.0 ms]
      [Ref Proc: 0.5 ms]
      [Ref Enq: 0.0 ms]
      [Redirty Cards: 0.4 ms]
      [Humongous Reclaim: 0.1 ms]
      [Free CSet: 0.1 ms]
   [Eden: 23.0M(23.0M)->0.0B(91.0M) Survivors: 2048.0K->4096.0K Heap: 324.5M(512.0M)->291.1M(512.0M)]
 [Times: user=0.03 sys=0.00, real=0.01 secs] 
0.462: [GC pause (G1 Humongous Allocation) (young) (initial-mark), 0.0031802 secs]
   [Parallel Time: 1.6 ms, GC Workers: 8]
      [GC Worker Start (ms): Min: 462.3, Avg: 462.5, Max: 462.6, Diff: 0.4]
      [Ext Root Scanning (ms): Min: 0.0, Avg: 0.3, Max: 0.8, Diff: 0.8, Sum: 2.7]
      [Update RS (ms): Min: 0.0, Avg: 0.1, Max: 0.4, Diff: 0.4, Sum: 0.7]
         [Processed Buffers: Min: 0, Avg: 1.1, Max: 5, Diff: 5, Sum: 9]
      [Scan RS (ms): Min: 0.0, Avg: 0.0, Max: 0.0, Diff: 0.0, Sum: 0.0]
      [Code Root Scanning (ms): Min: 0.0, Avg: 0.0, Max: 0.0, Diff: 0.0, Sum: 0.0]
      [Object Copy (ms): Min: 0.1, Avg: 0.4, Max: 0.5, Diff: 0.4, Sum: 3.1]
      [Termination (ms): Min: 0.0, Avg: 0.1, Max: 0.2, Diff: 0.2, Sum: 0.8]
      [GC Worker Other (ms): Min: 0.0, Avg: 0.0, Max: 0.0, Diff: 0.0, Sum: 0.1]
      [GC Worker Total (ms): Min: 0.7, Avg: 0.9, Max: 1.2, Diff: 0.4, Sum: 7.4]
      [GC Worker End (ms): Min: 463.4, Avg: 463.4, Max: 463.4, Diff: 0.0]
   [Code Root Fixup: 0.0 ms]
   [Code Root Purge: 0.0 ms]
   [Clear CT: 0.5 ms]
   [Other: 1.1 ms]
      [Choose CSet: 0.0 ms]
      [Ref Proc: 0.5 ms]
      [Ref Enq: 0.0 ms]
      [Redirty Cards: 0.4 ms]
      [Humongous Reclaim: 0.0 ms]
      [Free CSet: 0.0 ms]
   [Eden: 2048.0K(91.0M)->0.0B(82.0M) Survivors: 4096.0K->5120.0K Heap: 292.8M(512.0M)->291.5M(512.0M)]
 [Times: user=0.01 sys=0.01, real=0.00 secs] 
0.465: [GC concurrent-root-region-scan-start]
0.466: [GC concurrent-root-region-scan-end, 0.0002172 secs]
0.466: [GC concurrent-mark-start]
0.467: [GC concurrent-mark-end, 0.0012316 secs]
0.467: [GC remark 0.467: [Finalize Marking, 0.0008228 secs] 0.468: [GC ref-proc, 0.0000580 secs] 0.468: [Unloading, 0.0008737 secs], 0.0023933 secs]
 [Times: user=0.00 sys=0.00, real=0.01 secs] 
0.470: [GC cleanup 299M->285M(512M), 0.0016886 secs]
 [Times: user=0.01 sys=0.00, real=0.00 secs] 
0.472: [GC concurrent-cleanup-start]
0.472: [GC concurrent-cleanup-end, 0.0000282 secs]
0.492: [GC pause (G1 Evacuation Pause) (young), 0.0073677 secs]
   [Parallel Time: 5.6 ms, GC Workers: 8]
      [GC Worker Start (ms): Min: 492.4, Avg: 492.6, Max: 492.7, Diff: 0.3]
      [Ext Root Scanning (ms): Min: 0.0, Avg: 0.1, Max: 0.3, Diff: 0.3, Sum: 1.0]
      [Update RS (ms): Min: 0.3, Avg: 0.3, Max: 0.4, Diff: 0.1, Sum: 2.5]
         [Processed Buffers: Min: 0, Avg: 3.0, Max: 4, Diff: 4, Sum: 24]
      [Scan RS (ms): Min: 0.0, Avg: 0.0, Max: 0.0, Diff: 0.0, Sum: 0.1]
      [Code Root Scanning (ms): Min: 0.0, Avg: 0.0, Max: 0.0, Diff: 0.0, Sum: 0.0]
      [Object Copy (ms): Min: 4.2, Avg: 4.3, Max: 4.4, Diff: 0.2, Sum: 34.8]
      [Termination (ms): Min: 0.0, Avg: 0.1, Max: 0.4, Diff: 0.4, Sum: 1.1]
      [GC Worker Other (ms): Min: 0.0, Avg: 0.0, Max: 0.0, Diff: 0.0, Sum: 0.1]
      [GC Worker Total (ms): Min: 4.7, Avg: 5.0, Max: 5.1, Diff: 0.4, Sum: 39.6]
      [GC Worker End (ms): Min: 497.4, Avg: 497.5, Max: 497.8, Diff: 0.4]
   [Code Root Fixup: 0.0 ms]
   [Code Root Purge: 0.0 ms]
   [Clear CT: 0.6 ms]
   [Other: 1.1 ms]
      [Choose CSet: 0.0 ms]
      [Ref Proc: 0.3 ms]
      [Ref Enq: 0.0 ms]
      [Redirty Cards: 0.4 ms]
      [Humongous Reclaim: 0.1 ms]
      [Free CSet: 0.1 ms]
   [Eden: 82.0M(82.0M)->0.0B(14.0M) Survivors: 5120.0K->11.0M Heap: 388.5M(512.0M)->316.9M(512.0M)]
 [Times: user=0.03 sys=0.01, real=0.01 secs] 
0.503: [GC pause (G1 Evacuation Pause) (mixed), 0.0073469 secs]
   [Parallel Time: 5.8 ms, GC Workers: 8]
      [GC Worker Start (ms): Min: 503.4, Avg: 503.6, Max: 503.8, Diff: 0.4]
      [Ext Root Scanning (ms): Min: 0.0, Avg: 0.1, Max: 0.2, Diff: 0.2, Sum: 0.6]
      [Update RS (ms): Min: 0.3, Avg: 0.5, Max: 0.5, Diff: 0.3, Sum: 3.8]
         [Processed Buffers: Min: 1, Avg: 3.1, Max: 5, Diff: 4, Sum: 25]
      [Scan RS (ms): Min: 0.0, Avg: 0.0, Max: 0.1, Diff: 0.1, Sum: 0.4]
      [Code Root Scanning (ms): Min: 0.0, Avg: 0.0, Max: 0.0, Diff: 0.0, Sum: 0.0]
      [Object Copy (ms): Min: 4.5, Avg: 4.6, Max: 4.6, Diff: 0.1, Sum: 36.6]
      [Termination (ms): Min: 0.0, Avg: 0.0, Max: 0.2, Diff: 0.2, Sum: 0.4]
      [GC Worker Other (ms): Min: 0.0, Avg: 0.0, Max: 0.0, Diff: 0.0, Sum: 0.1]
      [GC Worker Total (ms): Min: 5.0, Avg: 5.2, Max: 5.4, Diff: 0.3, Sum: 41.9]
      [GC Worker End (ms): Min: 508.8, Avg: 508.8, Max: 508.9, Diff: 0.1]
   [Code Root Fixup: 0.0 ms]
   [Code Root Purge: 0.0 ms]
   [Clear CT: 0.4 ms]
   [Other: 1.2 ms]
      [Choose CSet: 0.0 ms]
      [Ref Proc: 0.5 ms]
      [Ref Enq: 0.0 ms]
      [Redirty Cards: 0.4 ms]
      [Humongous Reclaim: 0.1 ms]
      [Free CSet: 0.1 ms]
   [Eden: 14.0M(14.0M)->0.0B(78.0M) Survivors: 11.0M->4096.0K Heap: 335.9M(512.0M)->299.9M(512.0M)]
 [Times: user=0.03 sys=0.01, real=0.01 secs] 
0.512: [GC pause (G1 Humongous Allocation) (young) (initial-mark), 0.0033025 secs]
   [Parallel Time: 1.9 ms, GC Workers: 8]
      [GC Worker Start (ms): Min: 512.0, Avg: 512.2, Max: 512.4, Diff: 0.4]
      [Ext Root Scanning (ms): Min: 0.0, Avg: 0.4, Max: 0.6, Diff: 0.6, Sum: 3.3]
      [Update RS (ms): Min: 0.0, Avg: 0.1, Max: 0.4, Diff: 0.4, Sum: 0.9]
         [Processed Buffers: Min: 0, Avg: 1.1, Max: 2, Diff: 2, Sum: 9]
      [Scan RS (ms): Min: 0.0, Avg: 0.0, Max: 0.0, Diff: 0.0, Sum: 0.0]
      [Code Root Scanning (ms): Min: 0.0, Avg: 0.0, Max: 0.0, Diff: 0.0, Sum: 0.0]
      [Object Copy (ms): Min: 0.2, Avg: 0.5, Max: 0.8, Diff: 0.5, Sum: 4.0]
      [Termination (ms): Min: 0.0, Avg: 0.2, Max: 0.5, Diff: 0.5, Sum: 1.8]
      [GC Worker Other (ms): Min: 0.0, Avg: 0.0, Max: 0.0, Diff: 0.0, Sum: 0.1]
      [GC Worker Total (ms): Min: 1.0, Avg: 1.3, Max: 1.5, Diff: 0.5, Sum: 10.2]
      [GC Worker End (ms): Min: 513.4, Avg: 513.5, Max: 513.6, Diff: 0.2]
   [Code Root Fixup: 0.0 ms]
   [Code Root Purge: 0.0 ms]
   [Clear CT: 0.5 ms]
   [Other: 1.0 ms]
      [Choose CSet: 0.0 ms]
      [Ref Proc: 0.4 ms]
      [Ref Enq: 0.0 ms]
      [Redirty Cards: 0.4 ms]
      [Humongous Reclaim: 0.0 ms]
      [Free CSet: 0.0 ms]
   [Eden: 6144.0K(78.0M)->0.0B(81.0M) Survivors: 4096.0K->5120.0K Heap: 305.0M(512.0M)->300.8M(512.0M)]
 [Times: user=0.01 sys=0.00, real=0.00 secs] 
0.515: [GC concurrent-root-region-scan-start]
0.515: [GC concurrent-root-region-scan-end, 0.0002167 secs]
0.515: [GC concurrent-mark-start]
0.517: [GC concurrent-mark-end, 0.0010525 secs]
0.517: [GC remark 0.517: [Finalize Marking, 0.0006807 secs] 0.517: [GC ref-proc, 0.0000805 secs] 0.518: [Unloading, 0.0008004 secs], 0.0021783 secs]
 [Times: user=0.00 sys=0.00, real=0.01 secs] 
0.519: [GC cleanup 307M->298M(512M), 0.0016172 secs]
 [Times: user=0.00 sys=0.00, real=0.00 secs] 
0.521: [GC concurrent-cleanup-start]
0.521: [GC concurrent-cleanup-end, 0.0000207 secs]
0.541: [GC pause (G1 Evacuation Pause) (young), 0.0073334 secs]
   [Parallel Time: 5.7 ms, GC Workers: 8]
      [GC Worker Start (ms): Min: 540.9, Avg: 541.0, Max: 541.2, Diff: 0.3]
      [Ext Root Scanning (ms): Min: 0.0, Avg: 0.1, Max: 0.2, Diff: 0.2, Sum: 0.7]
      [Update RS (ms): Min: 0.2, Avg: 0.3, Max: 0.6, Diff: 0.4, Sum: 2.6]
         [Processed Buffers: Min: 0, Avg: 2.6, Max: 4, Diff: 4, Sum: 21]
      [Scan RS (ms): Min: 0.0, Avg: 0.0, Max: 0.0, Diff: 0.0, Sum: 0.1]
      [Code Root Scanning (ms): Min: 0.0, Avg: 0.0, Max: 0.0, Diff: 0.0, Sum: 0.0]
      [Object Copy (ms): Min: 4.5, Avg: 4.7, Max: 4.8, Diff: 0.3, Sum: 37.7]
      [Termination (ms): Min: 0.0, Avg: 0.1, Max: 0.1, Diff: 0.1, Sum: 0.8]
      [GC Worker Other (ms): Min: 0.0, Avg: 0.0, Max: 0.0, Diff: 0.0, Sum: 0.1]
      [GC Worker Total (ms): Min: 5.1, Avg: 5.3, Max: 5.4, Diff: 0.3, Sum: 42.0]
      [GC Worker End (ms): Min: 546.2, Avg: 546.3, Max: 546.3, Diff: 0.1]
   [Code Root Fixup: 0.0 ms]
   [Code Root Purge: 0.0 ms]
   [Clear CT: 0.5 ms]
   [Other: 1.1 ms]
      [Choose CSet: 0.0 ms]
      [Ref Proc: 0.4 ms]
      [Ref Enq: 0.0 ms]
      [Redirty Cards: 0.4 ms]
      [Humongous Reclaim: 0.1 ms]
      [Free CSet: 0.0 ms]
   [Eden: 81.0M(81.0M)->0.0B(14.0M) Survivors: 5120.0K->11.0M Heap: 396.7M(512.0M)->328.6M(512.0M)]
 [Times: user=0.04 sys=0.01, real=0.00 secs] 
0.551: [GC pause (G1 Evacuation Pause) (mixed), 0.0081179 secs]
   [Parallel Time: 6.5 ms, GC Workers: 8]
      [GC Worker Start (ms): Min: 551.6, Avg: 551.8, Max: 552.1, Diff: 0.5]
      [Ext Root Scanning (ms): Min: 0.0, Avg: 0.1, Max: 0.3, Diff: 0.3, Sum: 0.8]
      [Update RS (ms): Min: 0.0, Avg: 0.2, Max: 0.3, Diff: 0.3, Sum: 1.9]
         [Processed Buffers: Min: 0, Avg: 1.6, Max: 3, Diff: 3, Sum: 13]
      [Scan RS (ms): Min: 0.0, Avg: 0.0, Max: 0.1, Diff: 0.1, Sum: 0.4]
      [Code Root Scanning (ms): Min: 0.0, Avg: 0.0, Max: 0.0, Diff: 0.0, Sum: 0.0]
      [Object Copy (ms): Min: 5.1, Avg: 5.2, Max: 5.4, Diff: 0.3, Sum: 41.8]
      [Termination (ms): Min: 0.0, Avg: 0.3, Max: 0.4, Diff: 0.4, Sum: 2.1]
      [GC Worker Other (ms): Min: 0.0, Avg: 0.0, Max: 0.1, Diff: 0.1, Sum: 0.2]
      [GC Worker Total (ms): Min: 5.6, Avg: 5.9, Max: 6.2, Diff: 0.6, Sum: 47.1]
      [GC Worker End (ms): Min: 557.5, Avg: 557.7, Max: 557.8, Diff: 0.3]
   [Code Root Fixup: 0.0 ms]
   [Code Root Purge: 0.0 ms]
   [Clear CT: 0.5 ms]
   [Other: 1.1 ms]
      [Choose CSet: 0.1 ms]
      [Ref Proc: 0.4 ms]
      [Ref Enq: 0.0 ms]
      [Redirty Cards: 0.3 ms]
      [Humongous Reclaim: 0.1 ms]
      [Free CSet: 0.1 ms]
   [Eden: 14.0M(14.0M)->0.0B(72.0M) Survivors: 11.0M->4096.0K Heap: 343.3M(512.0M)->311.2M(512.0M)]
 [Times: user=0.05 sys=0.00, real=0.01 secs] 
0.560: [GC pause (G1 Humongous Allocation) (young) (initial-mark), 0.0026289 secs]
   [Parallel Time: 1.3 ms, GC Workers: 8]
      [GC Worker Start (ms): Min: 559.7, Avg: 559.8, Max: 559.9, Diff: 0.2]
      [Ext Root Scanning (ms): Min: 0.0, Avg: 0.2, Max: 0.3, Diff: 0.3, Sum: 1.6]
      [Update RS (ms): Min: 0.0, Avg: 0.1, Max: 0.5, Diff: 0.5, Sum: 1.0]
         [Processed Buffers: Min: 0, Avg: 1.1, Max: 3, Diff: 3, Sum: 9]
      [Scan RS (ms): Min: 0.0, Avg: 0.0, Max: 0.0, Diff: 0.0, Sum: 0.0]
      [Code Root Scanning (ms): Min: 0.0, Avg: 0.0, Max: 0.0, Diff: 0.0, Sum: 0.0]
      [Object Copy (ms): Min: 0.0, Avg: 0.3, Max: 0.4, Diff: 0.4, Sum: 2.5]
      [Termination (ms): Min: 0.0, Avg: 0.1, Max: 0.3, Diff: 0.3, Sum: 1.0]
      [GC Worker Other (ms): Min: 0.0, Avg: 0.0, Max: 0.0, Diff: 0.0, Sum: 0.1]
      [GC Worker Total (ms): Min: 0.6, Avg: 0.8, Max: 1.0, Diff: 0.3, Sum: 6.2]
      [GC Worker End (ms): Min: 560.5, Avg: 560.6, Max: 560.7, Diff: 0.2]
   [Code Root Fixup: 0.0 ms]
   [Code Root Purge: 0.0 ms]
   [Clear CT: 0.4 ms]
   [Other: 1.0 ms]
      [Choose CSet: 0.0 ms]
      [Ref Proc: 0.5 ms]
      [Ref Enq: 0.0 ms]
      [Redirty Cards: 0.4 ms]
      [Humongous Reclaim: 0.0 ms]
      [Free CSet: 0.0 ms]
   [Eden: 1024.0K(72.0M)->0.0B(76.0M) Survivors: 4096.0K->5120.0K Heap: 311.3M(512.0M)->311.9M(512.0M)]
 [Times: user=0.00 sys=0.00, real=0.00 secs] 
0.562: [GC concurrent-root-region-scan-start]
0.563: [GC concurrent-root-region-scan-end, 0.0002229 secs]
0.563: [GC concurrent-mark-start]
0.564: [GC concurrent-mark-end, 0.0012432 secs]
0.564: [GC remark 0.564: [Finalize Marking, 0.0012109 secs] 0.565: [GC ref-proc, 0.0000565 secs] 0.565: [Unloading, 0.0007107 secs], 0.0026280 secs]
 [Times: user=0.01 sys=0.00, real=0.00 secs] 
0.567: [GC cleanup 319M->316M(512M), 0.0017699 secs]
 [Times: user=0.00 sys=0.00, real=0.01 secs] 
0.569: [GC concurrent-cleanup-start]
0.569: [GC concurrent-cleanup-end, 0.0000121 secs]
0.587: [GC pause (G1 Evacuation Pause) (young), 0.0069660 secs]
   [Parallel Time: 5.6 ms, GC Workers: 8]
      [GC Worker Start (ms): Min: 587.0, Avg: 587.2, Max: 587.4, Diff: 0.4]
      [Ext Root Scanning (ms): Min: 0.0, Avg: 0.1, Max: 0.2, Diff: 0.2, Sum: 0.6]
      [Update RS (ms): Min: 0.5, Avg: 0.6, Max: 0.8, Diff: 0.3, Sum: 5.0]
         [Processed Buffers: Min: 2, Avg: 3.4, Max: 6, Diff: 4, Sum: 27]
      [Scan RS (ms): Min: 0.0, Avg: 0.0, Max: 0.0, Diff: 0.0, Sum: 0.1]
      [Code Root Scanning (ms): Min: 0.0, Avg: 0.0, Max: 0.0, Diff: 0.0, Sum: 0.0]
      [Object Copy (ms): Min: 4.1, Avg: 4.2, Max: 4.3, Diff: 0.1, Sum: 33.6]
      [Termination (ms): Min: 0.0, Avg: 0.1, Max: 0.1, Diff: 0.1, Sum: 0.7]
      [GC Worker Other (ms): Min: 0.0, Avg: 0.0, Max: 0.0, Diff: 0.0, Sum: 0.1]
      [GC Worker Total (ms): Min: 4.8, Avg: 5.0, Max: 5.2, Diff: 0.4, Sum: 40.1]
      [GC Worker End (ms): Min: 592.2, Avg: 592.2, Max: 592.2, Diff: 0.1]
   [Code Root Fixup: 0.0 ms]
   [Code Root Purge: 0.0 ms]
   [Clear CT: 0.4 ms]
   [Other: 1.1 ms]
      [Choose CSet: 0.0 ms]
      [Ref Proc: 0.4 ms]
      [Ref Enq: 0.0 ms]
      [Redirty Cards: 0.4 ms]
      [Humongous Reclaim: 0.1 ms]
      [Free CSet: 0.1 ms]
   [Eden: 76.0M(76.0M)->0.0B(14.0M) Survivors: 5120.0K->11.0M Heap: 404.0M(512.0M)->339.4M(512.0M)]
 [Times: user=0.04 sys=0.00, real=0.01 secs] 
0.597: [GC pause (G1 Evacuation Pause) (mixed), 0.0079075 secs]
   [Parallel Time: 6.5 ms, GC Workers: 8]
      [GC Worker Start (ms): Min: 597.3, Avg: 597.9, Max: 600.9, Diff: 3.6]
      [Ext Root Scanning (ms): Min: 0.0, Avg: 0.1, Max: 0.2, Diff: 0.2, Sum: 0.6]
      [Update RS (ms): Min: 0.0, Avg: 0.4, Max: 0.5, Diff: 0.5, Sum: 3.2]
         [Processed Buffers: Min: 0, Avg: 3.6, Max: 7, Diff: 7, Sum: 29]
      [Scan RS (ms): Min: 0.0, Avg: 0.0, Max: 0.1, Diff: 0.1, Sum: 0.3]
      [Code Root Scanning (ms): Min: 0.0, Avg: 0.0, Max: 0.0, Diff: 0.0, Sum: 0.0]
      [Object Copy (ms): Min: 2.5, Avg: 5.0, Max: 5.5, Diff: 3.0, Sum: 40.4]
      [Termination (ms): Min: 0.0, Avg: 0.1, Max: 0.2, Diff: 0.2, Sum: 1.0]
      [GC Worker Other (ms): Min: 0.0, Avg: 0.0, Max: 0.0, Diff: 0.0, Sum: 0.1]
      [GC Worker Total (ms): Min: 2.7, Avg: 5.7, Max: 6.3, Diff: 3.6, Sum: 45.6]
      [GC Worker End (ms): Min: 603.6, Avg: 603.6, Max: 603.6, Diff: 0.1]
   [Code Root Fixup: 0.0 ms]
   [Code Root Purge: 0.0 ms]
   [Clear CT: 0.4 ms]
   [Other: 1.0 ms]
      [Choose CSet: 0.0 ms]
      [Ref Proc: 0.3 ms]
      [Ref Enq: 0.0 ms]
      [Redirty Cards: 0.4 ms]
      [Humongous Reclaim: 0.1 ms]
      [Free CSet: 0.1 ms]
   [Eden: 14.0M(14.0M)->0.0B(63.0M) Survivors: 11.0M->4096.0K Heap: 355.8M(512.0M)->323.9M(512.0M)]
 [Times: user=0.04 sys=0.00, real=0.01 secs] 
0.606: [GC pause (G1 Humongous Allocation) (young) (initial-mark), 0.0031750 secs]
   [Parallel Time: 1.7 ms, GC Workers: 8]
      [GC Worker Start (ms): Min: 605.7, Avg: 605.8, Max: 605.9, Diff: 0.3]
      [Ext Root Scanning (ms): Min: 0.0, Avg: 0.4, Max: 0.9, Diff: 0.9, Sum: 2.9]
      [Update RS (ms): Min: 0.0, Avg: 0.1, Max: 0.3, Diff: 0.3, Sum: 0.9]
         [Processed Buffers: Min: 0, Avg: 1.1, Max: 3, Diff: 3, Sum: 9]
      [Scan RS (ms): Min: 0.0, Avg: 0.0, Max: 0.0, Diff: 0.0, Sum: 0.0]
      [Code Root Scanning (ms): Min: 0.0, Avg: 0.0, Max: 0.0, Diff: 0.0, Sum: 0.0]
      [Object Copy (ms): Min: 0.0, Avg: 0.4, Max: 0.5, Diff: 0.5, Sum: 3.1]
      [Termination (ms): Min: 0.0, Avg: 0.2, Max: 0.4, Diff: 0.4, Sum: 1.5]
      [GC Worker Other (ms): Min: 0.0, Avg: 0.0, Max: 0.0, Diff: 0.0, Sum: 0.1]
      [GC Worker Total (ms): Min: 0.9, Avg: 1.1, Max: 1.3, Diff: 0.4, Sum: 8.5]
      [GC Worker End (ms): Min: 606.8, Avg: 606.9, Max: 607.0, Diff: 0.2]
   [Code Root Fixup: 0.0 ms]
   [Code Root Purge: 0.0 ms]
   [Clear CT: 0.5 ms]
   [Other: 1.0 ms]
      [Choose CSet: 0.0 ms]
      [Ref Proc: 0.4 ms]
      [Ref Enq: 0.0 ms]
      [Redirty Cards: 0.4 ms]
      [Humongous Reclaim: 0.0 ms]
      [Free CSet: 0.0 ms]
   [Eden: 2048.0K(63.0M)->0.0B(64.0M) Survivors: 4096.0K->5120.0K Heap: 325.3M(512.0M)->324.3M(512.0M)]
 [Times: user=0.01 sys=0.00, real=0.01 secs] 
0.609: [GC concurrent-root-region-scan-start]
0.609: [GC concurrent-root-region-scan-end, 0.0001885 secs]
0.609: [GC concurrent-mark-start]
0.610: [GC concurrent-mark-end, 0.0012220 secs]
0.611: [GC remark 0.611: [Finalize Marking, 0.0043111 secs] 0.615: [GC ref-proc, 0.0000775 secs] 0.615: [Unloading, 0.0013137 secs], 0.0068490 secs]
 [Times: user=0.01 sys=0.00, real=0.00 secs] 
0.618: [GC cleanup 333M->325M(512M), 0.0022848 secs]
 [Times: user=0.00 sys=0.00, real=0.01 secs] 
0.621: [GC concurrent-cleanup-start]
0.621: [GC concurrent-cleanup-end, 0.0000627 secs]
0.638: [GC pause (G1 Evacuation Pause) (young), 0.0063711 secs]
   [Parallel Time: 5.0 ms, GC Workers: 8]
      [GC Worker Start (ms): Min: 638.0, Avg: 638.3, Max: 638.8, Diff: 0.8]
      [Ext Root Scanning (ms): Min: 0.0, Avg: 0.1, Max: 0.2, Diff: 0.2, Sum: 0.8]
      [Update RS (ms): Min: 0.3, Avg: 0.7, Max: 0.9, Diff: 0.6, Sum: 5.4]
         [Processed Buffers: Min: 0, Avg: 4.4, Max: 7, Diff: 7, Sum: 35]
      [Scan RS (ms): Min: 0.0, Avg: 0.0, Max: 0.0, Diff: 0.0, Sum: 0.1]
      [Code Root Scanning (ms): Min: 0.0, Avg: 0.0, Max: 0.0, Diff: 0.0, Sum: 0.0]
      [Object Copy (ms): Min: 3.1, Avg: 3.3, Max: 3.6, Diff: 0.4, Sum: 26.5]
      [Termination (ms): Min: 0.0, Avg: 0.2, Max: 0.4, Diff: 0.4, Sum: 2.0]
      [GC Worker Other (ms): Min: 0.0, Avg: 0.0, Max: 0.0, Diff: 0.0, Sum: 0.1]
      [GC Worker Total (ms): Min: 3.8, Avg: 4.3, Max: 4.7, Diff: 0.9, Sum: 34.8]
      [GC Worker End (ms): Min: 642.6, Avg: 642.6, Max: 642.7, Diff: 0.1]
   [Code Root Fixup: 0.0 ms]
   [Code Root Purge: 0.0 ms]
   [Clear CT: 0.4 ms]
   [Other: 1.0 ms]
      [Choose CSet: 0.0 ms]
      [Ref Proc: 0.3 ms]
      [Ref Enq: 0.0 ms]
      [Redirty Cards: 0.3 ms]
      [Humongous Reclaim: 0.1 ms]
      [Free CSet: 0.1 ms]
   [Eden: 64.0M(64.0M)->0.0B(16.0M) Survivors: 5120.0K->9216.0K Heap: 395.6M(512.0M)->342.8M(512.0M)]
 [Times: user=0.03 sys=0.00, real=0.01 secs] 
0.649: [GC pause (G1 Evacuation Pause) (mixed), 0.0072439 secs]
   [Parallel Time: 5.5 ms, GC Workers: 8]
      [GC Worker Start (ms): Min: 649.0, Avg: 649.2, Max: 649.3, Diff: 0.3]
      [Ext Root Scanning (ms): Min: 0.0, Avg: 0.1, Max: 0.2, Diff: 0.2, Sum: 0.8]
      [Update RS (ms): Min: 0.4, Avg: 0.4, Max: 0.5, Diff: 0.2, Sum: 3.4]
         [Processed Buffers: Min: 0, Avg: 3.5, Max: 5, Diff: 5, Sum: 28]
      [Scan RS (ms): Min: 0.0, Avg: 0.0, Max: 0.1, Diff: 0.1, Sum: 0.3]
      [Code Root Scanning (ms): Min: 0.0, Avg: 0.0, Max: 0.0, Diff: 0.0, Sum: 0.0]
      [Object Copy (ms): Min: 4.4, Avg: 4.5, Max: 4.6, Diff: 0.1, Sum: 36.0]
      [Termination (ms): Min: 0.0, Avg: 0.1, Max: 0.1, Diff: 0.1, Sum: 0.6]
      [GC Worker Other (ms): Min: 0.0, Avg: 0.0, Max: 0.0, Diff: 0.0, Sum: 0.1]
      [GC Worker Total (ms): Min: 5.0, Avg: 5.1, Max: 5.3, Diff: 0.3, Sum: 41.1]
      [GC Worker End (ms): Min: 654.3, Avg: 654.3, Max: 654.4, Diff: 0.1]
   [Code Root Fixup: 0.0 ms]
   [Code Root Purge: 0.0 ms]
   [Clear CT: 0.4 ms]
   [Other: 1.4 ms]
      [Choose CSet: 0.0 ms]
      [Ref Proc: 0.6 ms]
      [Ref Enq: 0.0 ms]
      [Redirty Cards: 0.4 ms]
      [Humongous Reclaim: 0.1 ms]
      [Free CSet: 0.1 ms]
   [Eden: 16.0M(16.0M)->0.0B(56.0M) Survivors: 9216.0K->4096.0K Heap: 364.2M(512.0M)->330.5M(512.0M)]
 [Times: user=0.04 sys=0.00, real=0.00 secs] 
0.657: [GC pause (G1 Humongous Allocation) (young) (initial-mark), 0.0032843 secs]
   [Parallel Time: 1.6 ms, GC Workers: 8]
      [GC Worker Start (ms): Min: 656.9, Avg: 657.0, Max: 657.2, Diff: 0.3]
      [Ext Root Scanning (ms): Min: 0.0, Avg: 0.3, Max: 0.6, Diff: 0.6, Sum: 2.6]
      [Update RS (ms): Min: 0.0, Avg: 0.1, Max: 0.4, Diff: 0.4, Sum: 0.9]
         [Processed Buffers: Min: 0, Avg: 1.1, Max: 3, Diff: 3, Sum: 9]
      [Scan RS (ms): Min: 0.0, Avg: 0.0, Max: 0.0, Diff: 0.0, Sum: 0.0]
      [Code Root Scanning (ms): Min: 0.0, Avg: 0.0, Max: 0.0, Diff: 0.0, Sum: 0.0]
      [Object Copy (ms): Min: 0.2, Avg: 0.5, Max: 0.6, Diff: 0.4, Sum: 3.8]
      [Termination (ms): Min: 0.0, Avg: 0.1, Max: 0.2, Diff: 0.2, Sum: 1.0]
      [GC Worker Other (ms): Min: 0.0, Avg: 0.0, Max: 0.0, Diff: 0.0, Sum: 0.1]
      [GC Worker Total (ms): Min: 0.9, Avg: 1.0, Max: 1.2, Diff: 0.3, Sum: 8.4]
      [GC Worker End (ms): Min: 658.1, Avg: 658.1, Max: 658.1, Diff: 0.1]
   [Code Root Fixup: 0.0 ms]
   [Code Root Purge: 0.0 ms]
   [Clear CT: 0.6 ms]
   [Other: 1.1 ms]
      [Choose CSet: 0.0 ms]
      [Ref Proc: 0.4 ms]
      [Ref Enq: 0.0 ms]
      [Redirty Cards: 0.4 ms]
      [Humongous Reclaim: 0.0 ms]
      [Free CSet: 0.0 ms]
   [Eden: 2048.0K(56.0M)->0.0B(55.0M) Survivors: 4096.0K->4096.0K Heap: 331.9M(512.0M)->331.0M(512.0M)]
 [Times: user=0.01 sys=0.00, real=0.01 secs] 
0.660: [GC concurrent-root-region-scan-start]
0.660: [GC concurrent-root-region-scan-end, 0.0001972 secs]
0.660: [GC concurrent-mark-start]
0.661: [GC concurrent-mark-end, 0.0011693 secs]
0.662: [GC remark 0.662: [Finalize Marking, 0.0006733 secs] 0.662: [GC ref-proc, 0.0000576 secs] 0.662: [Unloading, 0.0008938 secs], 0.0022467 secs]
 [Times: user=0.01 sys=0.00, real=0.00 secs] 
0.664: [GC cleanup 339M->335M(512M), 0.0016178 secs]
 [Times: user=0.00 sys=0.00, real=0.00 secs] 
0.666: [GC concurrent-cleanup-start]
0.666: [GC concurrent-cleanup-end, 0.0000120 secs]
0.677: [GC pause (G1 Evacuation Pause) (young), 0.0060948 secs]
   [Parallel Time: 4.4 ms, GC Workers: 8]
      [GC Worker Start (ms): Min: 676.9, Avg: 677.3, Max: 678.7, Diff: 1.7]
      [Ext Root Scanning (ms): Min: 0.0, Avg: 0.1, Max: 0.2, Diff: 0.2, Sum: 0.7]
      [Update RS (ms): Min: 0.0, Avg: 0.5, Max: 0.8, Diff: 0.8, Sum: 3.8]
         [Processed Buffers: Min: 0, Avg: 3.8, Max: 6, Diff: 6, Sum: 30]
      [Scan RS (ms): Min: 0.0, Avg: 0.0, Max: 0.0, Diff: 0.0, Sum: 0.1]
      [Code Root Scanning (ms): Min: 0.0, Avg: 0.0, Max: 0.0, Diff: 0.0, Sum: 0.0]
      [Object Copy (ms): Min: 2.1, Avg: 3.0, Max: 3.3, Diff: 1.2, Sum: 24.2]
      [Termination (ms): Min: 0.0, Avg: 0.1, Max: 0.4, Diff: 0.4, Sum: 1.1]
      [GC Worker Other (ms): Min: 0.0, Avg: 0.0, Max: 0.1, Diff: 0.1, Sum: 0.2]
      [GC Worker Total (ms): Min: 2.6, Avg: 3.8, Max: 4.0, Diff: 1.4, Sum: 30.1]
      [GC Worker End (ms): Min: 681.0, Avg: 681.0, Max: 681.3, Diff: 0.3]
   [Code Root Fixup: 0.0 ms]
   [Code Root Purge: 0.0 ms]
   [Clear CT: 0.6 ms]
   [Other: 1.1 ms]
      [Choose CSet: 0.0 ms]
      [Ref Proc: 0.4 ms]
      [Ref Enq: 0.0 ms]
      [Redirty Cards: 0.4 ms]
      [Humongous Reclaim: 0.1 ms]
      [Free CSet: 0.1 ms]
   [Eden: 55.0M(55.0M)->0.0B(17.0M) Survivors: 4096.0K->8192.0K Heap: 390.3M(512.0M)->351.8M(512.0M)]
 [Times: user=0.03 sys=0.00, real=0.01 secs] 
0.688: [GC pause (G1 Evacuation Pause) (mixed), 0.0092713 secs]
   [Parallel Time: 7.6 ms, GC Workers: 8]
      [GC Worker Start (ms): Min: 687.9, Avg: 688.0, Max: 688.2, Diff: 0.3]
      [Ext Root Scanning (ms): Min: 0.0, Avg: 0.1, Max: 0.2, Diff: 0.2, Sum: 0.8]
      [Update RS (ms): Min: 0.6, Avg: 0.6, Max: 0.7, Diff: 0.1, Sum: 5.0]
         [Processed Buffers: Min: 0, Avg: 4.8, Max: 8, Diff: 8, Sum: 38]
      [Scan RS (ms): Min: 0.0, Avg: 0.0, Max: 0.1, Diff: 0.1, Sum: 0.3]
      [Code Root Scanning (ms): Min: 0.0, Avg: 0.0, Max: 0.0, Diff: 0.0, Sum: 0.0]
      [Object Copy (ms): Min: 6.1, Avg: 6.1, Max: 6.3, Diff: 0.2, Sum: 49.1]
      [Termination (ms): Min: 0.0, Avg: 0.1, Max: 0.1, Diff: 0.1, Sum: 0.8]
      [GC Worker Other (ms): Min: 0.0, Avg: 0.0, Max: 0.0, Diff: 0.0, Sum: 0.1]
      [GC Worker Total (ms): Min: 6.9, Avg: 7.0, Max: 7.1, Diff: 0.3, Sum: 56.1]
      [GC Worker End (ms): Min: 695.0, Avg: 695.0, Max: 695.0, Diff: 0.0]
   [Code Root Fixup: 0.0 ms]
   [Code Root Purge: 0.0 ms]
   [Clear CT: 0.4 ms]
   [Other: 1.2 ms]
      [Choose CSet: 0.0 ms]
      [Ref Proc: 0.5 ms]
      [Ref Enq: 0.0 ms]
      [Redirty Cards: 0.4 ms]
      [Humongous Reclaim: 0.1 ms]
      [Free CSet: 0.1 ms]
   [Eden: 17.0M(17.0M)->0.0B(44.0M) Survivors: 8192.0K->4096.0K Heap: 374.7M(512.0M)->341.6M(512.0M)]
 [Times: user=0.06 sys=0.00, real=0.01 secs] 
0.698: [GC pause (G1 Humongous Allocation) (young) (initial-mark), 0.0036711 secs]
   [Parallel Time: 2.1 ms, GC Workers: 8]
      [GC Worker Start (ms): Min: 698.7, Avg: 698.8, Max: 699.0, Diff: 0.4]
      [Ext Root Scanning (ms): Min: 0.0, Avg: 0.4, Max: 1.4, Diff: 1.3, Sum: 3.6]
      [Update RS (ms): Min: 0.0, Avg: 0.3, Max: 1.2, Diff: 1.2, Sum: 2.0]
         [Processed Buffers: Min: 0, Avg: 1.1, Max: 3, Diff: 3, Sum: 9]
      [Scan RS (ms): Min: 0.0, Avg: 0.0, Max: 0.0, Diff: 0.0, Sum: 0.0]
      [Code Root Scanning (ms): Min: 0.0, Avg: 0.0, Max: 0.0, Diff: 0.0, Sum: 0.0]
      [Object Copy (ms): Min: 0.0, Avg: 0.6, Max: 0.9, Diff: 0.9, Sum: 4.5]
      [Termination (ms): Min: 0.0, Avg: 0.3, Max: 0.4, Diff: 0.4, Sum: 2.2]
      [GC Worker Other (ms): Min: 0.0, Avg: 0.0, Max: 0.0, Diff: 0.0, Sum: 0.1]
      [GC Worker Total (ms): Min: 1.4, Avg: 1.5, Max: 1.7, Diff: 0.4, Sum: 12.3]
      [GC Worker End (ms): Min: 700.4, Avg: 700.4, Max: 700.5, Diff: 0.1]
   [Code Root Fixup: 0.0 ms]
   [Code Root Purge: 0.0 ms]
   [Clear CT: 0.4 ms]
   [Other: 1.2 ms]
      [Choose CSet: 0.0 ms]
      [Ref Proc: 0.6 ms]
      [Ref Enq: 0.0 ms]
      [Redirty Cards: 0.3 ms]
      [Humongous Reclaim: 0.0 ms]
      [Free CSet: 0.0 ms]
   [Eden: 7168.0K(44.0M)->0.0B(42.0M) Survivors: 4096.0K->2048.0K Heap: 348.1M(512.0M)->343.6M(512.0M)]
 [Times: user=0.01 sys=0.00, real=0.01 secs] 
0.702: [GC concurrent-root-region-scan-start]
0.702: [GC concurrent-root-region-scan-end, 0.0001840 secs]
0.702: [GC concurrent-mark-start]
0.704: [GC concurrent-mark-end, 0.0011316 secs]
0.704: [GC remark 0.704: [Finalize Marking, 0.0011563 secs] 0.705: [GC ref-proc, 0.0000709 secs] 0.705: [Unloading, 0.0015329 secs], 0.0037920 secs]
 [Times: user=0.01 sys=0.00, real=0.00 secs] 
0.708: [GC cleanup 351M->340M(512M), 0.0018575 secs]
 [Times: user=0.01 sys=0.00, real=0.01 secs] 
0.710: [GC concurrent-cleanup-start]
0.710: [GC concurrent-cleanup-end, 0.0000241 secs]
0.719: [GC pause (G1 Evacuation Pause) (young), 0.0058863 secs]
   [Parallel Time: 4.0 ms, GC Workers: 8]
      [GC Worker Start (ms): Min: 719.2, Avg: 719.4, Max: 719.8, Diff: 0.6]
      [Ext Root Scanning (ms): Min: 0.0, Avg: 0.1, Max: 0.2, Diff: 0.2, Sum: 0.6]
      [Update RS (ms): Min: 0.6, Avg: 0.8, Max: 0.9, Diff: 0.3, Sum: 6.5]
         [Processed Buffers: Min: 3, Avg: 4.6, Max: 7, Diff: 4, Sum: 37]
      [Scan RS (ms): Min: 0.0, Avg: 0.0, Max: 0.0, Diff: 0.0, Sum: 0.1]
      [Code Root Scanning (ms): Min: 0.0, Avg: 0.0, Max: 0.0, Diff: 0.0, Sum: 0.0]
      [Object Copy (ms): Min: 2.3, Avg: 2.3, Max: 2.4, Diff: 0.2, Sum: 18.6]
      [Termination (ms): Min: 0.0, Avg: 0.1, Max: 0.2, Diff: 0.2, Sum: 1.1]
      [GC Worker Other (ms): Min: 0.0, Avg: 0.0, Max: 0.0, Diff: 0.0, Sum: 0.1]
      [GC Worker Total (ms): Min: 3.1, Avg: 3.4, Max: 3.6, Diff: 0.5, Sum: 27.0]
      [GC Worker End (ms): Min: 722.8, Avg: 722.8, Max: 722.9, Diff: 0.1]
   [Code Root Fixup: 0.0 ms]
   [Code Root Purge: 0.0 ms]
   [Clear CT: 0.4 ms]
   [Other: 1.5 ms]
      [Choose CSet: 0.0 ms]
      [Ref Proc: 0.8 ms]
      [Ref Enq: 0.0 ms]
      [Redirty Cards: 0.5 ms]
      [Humongous Reclaim: 0.1 ms]
      [Free CSet: 0.0 ms]
   [Eden: 42.0M(42.0M)->0.0B(19.0M) Survivors: 2048.0K->6144.0K Heap: 388.7M(512.0M)->354.3M(512.0M)]
 [Times: user=0.03 sys=0.00, real=0.00 secs] 
0.729: [GC pause (G1 Evacuation Pause) (mixed), 0.0079345 secs]
   [Parallel Time: 6.3 ms, GC Workers: 8]
      [GC Worker Start (ms): Min: 729.6, Avg: 729.7, Max: 729.9, Diff: 0.3]
      [Ext Root Scanning (ms): Min: 0.0, Avg: 0.1, Max: 0.2, Diff: 0.2, Sum: 0.8]
      [Update RS (ms): Min: 0.5, Avg: 0.6, Max: 0.7, Diff: 0.1, Sum: 4.7]
         [Processed Buffers: Min: 3, Avg: 4.6, Max: 6, Diff: 3, Sum: 37]
      [Scan RS (ms): Min: 0.0, Avg: 0.0, Max: 0.1, Diff: 0.1, Sum: 0.3]
      [Code Root Scanning (ms): Min: 0.0, Avg: 0.0, Max: 0.0, Diff: 0.0, Sum: 0.0]
      [Object Copy (ms): Min: 5.1, Avg: 5.2, Max: 5.3, Diff: 0.1, Sum: 41.5]
      [Termination (ms): Min: 0.0, Avg: 0.1, Max: 0.1, Diff: 0.1, Sum: 0.5]
      [GC Worker Other (ms): Min: 0.0, Avg: 0.0, Max: 0.1, Diff: 0.1, Sum: 0.2]
      [GC Worker Total (ms): Min: 5.8, Avg: 6.0, Max: 6.2, Diff: 0.4, Sum: 48.0]
      [GC Worker End (ms): Min: 735.7, Avg: 735.7, Max: 735.8, Diff: 0.1]
   [Code Root Fixup: 0.0 ms]
   [Code Root Purge: 0.0 ms]
   [Clear CT: 0.4 ms]
   [Other: 1.3 ms]
      [Choose CSet: 0.0 ms]
      [Ref Proc: 0.4 ms]
      [Ref Enq: 0.0 ms]
      [Redirty Cards: 0.4 ms]
      [Humongous Reclaim: 0.1 ms]
      [Free CSet: 0.1 ms]
   [Eden: 19.0M(19.0M)->0.0B(42.0M) Survivors: 6144.0K->4096.0K Heap: 376.8M(512.0M)->344.5M(512.0M)]
 [Times: user=0.04 sys=0.01, real=0.00 secs] 
0.738: [GC pause (G1 Humongous Allocation) (young) (initial-mark), 0.0031401 secs]
   [Parallel Time: 1.5 ms, GC Workers: 8]
      [GC Worker Start (ms): Min: 737.8, Avg: 737.9, Max: 738.0, Diff: 0.2]
      [Ext Root Scanning (ms): Min: 0.0, Avg: 0.2, Max: 0.4, Diff: 0.3, Sum: 1.8]
      [Update RS (ms): Min: 0.0, Avg: 0.1, Max: 0.5, Diff: 0.5, Sum: 1.1]
         [Processed Buffers: Min: 0, Avg: 1.1, Max: 3, Diff: 3, Sum: 9]
      [Scan RS (ms): Min: 0.0, Avg: 0.0, Max: 0.0, Diff: 0.0, Sum: 0.0]
      [Code Root Scanning (ms): Min: 0.0, Avg: 0.0, Max: 0.0, Diff: 0.0, Sum: 0.0]
      [Object Copy (ms): Min: 0.1, Avg: 0.4, Max: 0.5, Diff: 0.4, Sum: 2.9]
      [Termination (ms): Min: 0.0, Avg: 0.1, Max: 0.3, Diff: 0.3, Sum: 0.8]
      [GC Worker Other (ms): Min: 0.0, Avg: 0.0, Max: 0.3, Diff: 0.2, Sum: 0.3]
      [GC Worker Total (ms): Min: 0.7, Avg: 0.9, Max: 1.0, Diff: 0.3, Sum: 6.9]
      [GC Worker End (ms): Min: 738.7, Avg: 738.7, Max: 738.9, Diff: 0.3]
   [Code Root Fixup: 0.0 ms]
   [Code Root Purge: 0.0 ms]
   [Clear CT: 0.4 ms]
   [Other: 1.2 ms]
      [Choose CSet: 0.0 ms]
      [Ref Proc: 0.6 ms]
      [Ref Enq: 0.0 ms]
      [Redirty Cards: 0.4 ms]
      [Humongous Reclaim: 0.0 ms]
      [Free CSet: 0.0 ms]
   [Eden: 2048.0K(42.0M)->0.0B(42.0M) Survivors: 4096.0K->1024.0K Heap: 346.0M(512.0M)->345.9M(512.0M)]
 [Times: user=0.01 sys=0.00, real=0.01 secs] 
0.741: [GC concurrent-root-region-scan-start]
0.741: [GC concurrent-root-region-scan-end, 0.0001236 secs]
0.741: [GC concurrent-mark-start]
0.742: [GC concurrent-mark-end, 0.0014199 secs]
0.743: [GC remark 0.743: [Finalize Marking, 0.0005083 secs] 0.743: [GC ref-proc, 0.0000601 secs] 0.743: [Unloading, 0.0008856 secs], 0.0022326 secs]
 [Times: user=0.01 sys=0.00, real=0.00 secs] 
0.745: [GC cleanup 355M->348M(512M), 0.0016149 secs]
 [Times: user=0.00 sys=0.00, real=0.00 secs] 
0.747: [GC concurrent-cleanup-start]
0.747: [GC concurrent-cleanup-end, 0.0000154 secs]
0.756: [GC pause (G1 Evacuation Pause) (young), 0.0049408 secs]
   [Parallel Time: 3.3 ms, GC Workers: 8]
      [GC Worker Start (ms): Min: 755.8, Avg: 756.6, Max: 757.9, Diff: 2.1]
      [Ext Root Scanning (ms): Min: 0.0, Avg: 0.1, Max: 0.2, Diff: 0.2, Sum: 0.8]
      [Update RS (ms): Min: 0.0, Avg: 0.7, Max: 1.1, Diff: 1.1, Sum: 5.6]
         [Processed Buffers: Min: 0, Avg: 7.2, Max: 15, Diff: 15, Sum: 58]
      [Scan RS (ms): Min: 0.0, Avg: 0.0, Max: 0.0, Diff: 0.0, Sum: 0.0]
      [Code Root Scanning (ms): Min: 0.0, Avg: 0.0, Max: 0.0, Diff: 0.0, Sum: 0.0]
      [Object Copy (ms): Min: 1.0, Avg: 1.4, Max: 1.7, Diff: 0.7, Sum: 11.4]
      [Termination (ms): Min: 0.0, Avg: 0.2, Max: 0.2, Diff: 0.2, Sum: 1.3]
      [GC Worker Other (ms): Min: 0.0, Avg: 0.0, Max: 0.0, Diff: 0.0, Sum: 0.1]
      [GC Worker Total (ms): Min: 1.1, Avg: 2.4, Max: 3.2, Diff: 2.1, Sum: 19.3]
      [GC Worker End (ms): Min: 759.0, Avg: 759.0, Max: 759.0, Diff: 0.0]
   [Code Root Fixup: 0.0 ms]
   [Code Root Purge: 0.0 ms]
   [Clear CT: 0.5 ms]
   [Other: 1.1 ms]
      [Choose CSet: 0.0 ms]
      [Ref Proc: 0.5 ms]
      [Ref Enq: 0.0 ms]
      [Redirty Cards: 0.4 ms]
      [Humongous Reclaim: 0.1 ms]
      [Free CSet: 0.0 ms]
   [Eden: 42.0M(42.0M)->0.0B(19.0M) Survivors: 1024.0K->6144.0K Heap: 391.3M(512.0M)->358.4M(512.0M)]
 [Times: user=0.02 sys=0.00, real=0.01 secs] 
0.765: [GC pause (G1 Evacuation Pause) (mixed), 0.0091568 secs]
   [Parallel Time: 7.3 ms, GC Workers: 8]
      [GC Worker Start (ms): Min: 765.3, Avg: 765.5, Max: 765.7, Diff: 0.4]
      [Ext Root Scanning (ms): Min: 0.0, Avg: 0.1, Max: 0.2, Diff: 0.2, Sum: 0.7]
      [Update RS (ms): Min: 0.5, Avg: 0.7, Max: 1.0, Diff: 0.5, Sum: 5.5]
         [Processed Buffers: Min: 3, Avg: 5.1, Max: 7, Diff: 4, Sum: 41]
      [Scan RS (ms): Min: 0.0, Avg: 0.1, Max: 0.1, Diff: 0.1, Sum: 0.4]
      [Code Root Scanning (ms): Min: 0.0, Avg: 0.0, Max: 0.0, Diff: 0.0, Sum: 0.0]
      [Object Copy (ms): Min: 5.3, Avg: 5.5, Max: 5.6, Diff: 0.3, Sum: 44.2]
      [Termination (ms): Min: 0.0, Avg: 0.0, Max: 0.1, Diff: 0.1, Sum: 0.4]
      [GC Worker Other (ms): Min: 0.0, Avg: 0.0, Max: 0.0, Diff: 0.0, Sum: 0.1]
      [GC Worker Total (ms): Min: 6.2, Avg: 6.4, Max: 6.6, Diff: 0.5, Sum: 51.3]
      [GC Worker End (ms): Min: 771.9, Avg: 771.9, Max: 771.9, Diff: 0.0]
   [Code Root Fixup: 0.0 ms]
   [Code Root Purge: 0.0 ms]
   [Clear CT: 0.5 ms]
   [Other: 1.4 ms]
      [Choose CSet: 0.0 ms]
      [Ref Proc: 0.6 ms]
      [Ref Enq: 0.0 ms]
      [Redirty Cards: 0.4 ms]
      [Humongous Reclaim: 0.1 ms]
      [Free CSet: 0.1 ms]
   [Eden: 19.0M(19.0M)->0.0B(37.0M) Survivors: 6144.0K->4096.0K Heap: 381.7M(512.0M)->350.9M(512.0M)]
 [Times: user=0.05 sys=0.00, real=0.01 secs] 
0.775: [GC pause (G1 Humongous Allocation) (young) (initial-mark), 0.0029792 secs]
   [Parallel Time: 1.3 ms, GC Workers: 8]
      [GC Worker Start (ms): Min: 775.0, Avg: 775.1, Max: 775.3, Diff: 0.3]
      [Ext Root Scanning (ms): Min: 0.0, Avg: 0.3, Max: 0.5, Diff: 0.5, Sum: 2.4]
      [Update RS (ms): Min: 0.0, Avg: 0.1, Max: 0.3, Diff: 0.3, Sum: 1.1]
         [Processed Buffers: Min: 0, Avg: 1.1, Max: 3, Diff: 3, Sum: 9]
      [Scan RS (ms): Min: 0.0, Avg: 0.0, Max: 0.0, Diff: 0.0, Sum: 0.0]
      [Code Root Scanning (ms): Min: 0.0, Avg: 0.0, Max: 0.0, Diff: 0.0, Sum: 0.0]
      [Object Copy (ms): Min: 0.2, Avg: 0.4, Max: 0.6, Diff: 0.3, Sum: 3.2]
      [Termination (ms): Min: 0.0, Avg: 0.1, Max: 0.2, Diff: 0.2, Sum: 1.2]
      [GC Worker Other (ms): Min: 0.0, Avg: 0.0, Max: 0.0, Diff: 0.0, Sum: 0.1]
      [GC Worker Total (ms): Min: 0.8, Avg: 1.0, Max: 1.2, Diff: 0.3, Sum: 7.9]
      [GC Worker End (ms): Min: 776.1, Avg: 776.1, Max: 776.1, Diff: 0.1]
   [Code Root Fixup: 0.0 ms]
   [Code Root Purge: 0.0 ms]
   [Clear CT: 0.4 ms]
   [Other: 1.3 ms]
      [Choose CSet: 0.0 ms]
      [Ref Proc: 0.7 ms]
      [Ref Enq: 0.0 ms]
      [Redirty Cards: 0.4 ms]
      [Humongous Reclaim: 0.0 ms]
      [Free CSet: 0.0 ms]
   [Eden: 2048.0K(37.0M)->0.0B(36.0M) Survivors: 4096.0K->1024.0K Heap: 352.4M(512.0M)->352.5M(512.0M)]
 [Times: user=0.01 sys=0.00, real=0.00 secs] 
0.778: [GC concurrent-root-region-scan-start]
0.778: [GC concurrent-root-region-scan-end, 0.0000852 secs]
0.778: [GC concurrent-mark-start]
0.779: [GC concurrent-mark-end, 0.0013404 secs]
0.779: [GC remark 0.780: [Finalize Marking, 0.0011377 secs] 0.781: [GC ref-proc, 0.0001928 secs] 0.781: [Unloading, 0.0008407 secs], 0.0028276 secs]
 [Times: user=0.01 sys=0.01, real=0.00 secs] 
0.783: [GC cleanup 361M->352M(512M), 0.0016780 secs]
 [Times: user=0.00 sys=0.00, real=0.00 secs] 
0.784: [GC concurrent-cleanup-start]
0.784: [GC concurrent-cleanup-end, 0.0000290 secs]
0.794: [GC pause (G1 Evacuation Pause) (young), 0.0059470 secs]
   [Parallel Time: 4.0 ms, GC Workers: 8]
      [GC Worker Start (ms): Min: 793.7, Avg: 793.8, Max: 794.0, Diff: 0.3]
      [Ext Root Scanning (ms): Min: 0.0, Avg: 0.1, Max: 0.2, Diff: 0.2, Sum: 1.0]
      [Update RS (ms): Min: 0.8, Avg: 0.9, Max: 1.0, Diff: 0.2, Sum: 7.1]
         [Processed Buffers: Min: 4, Avg: 6.6, Max: 8, Diff: 4, Sum: 53]
      [Scan RS (ms): Min: 0.0, Avg: 0.0, Max: 0.0, Diff: 0.0, Sum: 0.1]
      [Code Root Scanning (ms): Min: 0.0, Avg: 0.0, Max: 0.0, Diff: 0.0, Sum: 0.0]
      [Object Copy (ms): Min: 2.1, Avg: 2.2, Max: 2.3, Diff: 0.3, Sum: 17.7]
      [Termination (ms): Min: 0.0, Avg: 0.1, Max: 0.2, Diff: 0.2, Sum: 0.8]
      [GC Worker Other (ms): Min: 0.0, Avg: 0.0, Max: 0.0, Diff: 0.0, Sum: 0.1]
      [GC Worker Total (ms): Min: 3.2, Avg: 3.3, Max: 3.5, Diff: 0.3, Sum: 26.7]
      [GC Worker End (ms): Min: 797.2, Avg: 797.2, Max: 797.2, Diff: 0.0]
   [Code Root Fixup: 0.0 ms]
   [Code Root Purge: 0.0 ms]
   [Clear CT: 0.7 ms]
   [Other: 1.2 ms]
      [Choose CSet: 0.0 ms]
      [Ref Proc: 0.5 ms]
      [Ref Enq: 0.0 ms]
      [Redirty Cards: 0.4 ms]
      [Humongous Reclaim: 0.1 ms]
      [Free CSet: 0.0 ms]
   [Eden: 36.0M(36.0M)->0.0B(20.0M) Survivors: 1024.0K->5120.0K Heap: 389.0M(512.0M)->356.8M(512.0M)]
 [Times: user=0.03 sys=0.00, real=0.01 secs] 
0.806: [GC pause (G1 Evacuation Pause) (mixed), 0.0103715 secs]
   [Parallel Time: 8.6 ms, GC Workers: 8]
      [GC Worker Start (ms): Min: 805.7, Avg: 805.9, Max: 806.1, Diff: 0.3]
      [Ext Root Scanning (ms): Min: 0.0, Avg: 0.1, Max: 0.3, Diff: 0.3, Sum: 0.9]
      [Update RS (ms): Min: 0.0, Avg: 0.8, Max: 1.0, Diff: 0.9, Sum: 6.3]
         [Processed Buffers: Min: 0, Avg: 7.0, Max: 11, Diff: 11, Sum: 56]
      [Scan RS (ms): Min: 0.0, Avg: 0.1, Max: 0.2, Diff: 0.2, Sum: 0.7]
      [Code Root Scanning (ms): Min: 0.0, Avg: 0.0, Max: 0.0, Diff: 0.0, Sum: 0.0]
      [Object Copy (ms): Min: 6.6, Avg: 6.9, Max: 7.8, Diff: 1.2, Sum: 55.4]
      [Termination (ms): Min: 0.0, Avg: 0.1, Max: 0.3, Diff: 0.3, Sum: 1.2]
      [GC Worker Other (ms): Min: 0.0, Avg: 0.0, Max: 0.0, Diff: 0.0, Sum: 0.1]
      [GC Worker Total (ms): Min: 7.9, Avg: 8.1, Max: 8.2, Diff: 0.3, Sum: 64.5]
      [GC Worker End (ms): Min: 813.9, Avg: 814.0, Max: 814.0, Diff: 0.1]
   [Code Root Fixup: 0.0 ms]
   [Code Root Purge: 0.0 ms]
   [Clear CT: 0.6 ms]
   [Other: 1.2 ms]
      [Choose CSet: 0.0 ms]
      [Ref Proc: 0.4 ms]
      [Ref Enq: 0.0 ms]
      [Redirty Cards: 0.4 ms]
      [Humongous Reclaim: 0.1 ms]
      [Free CSet: 0.1 ms]
   [Eden: 20.0M(20.0M)->0.0B(38.0M) Survivors: 5120.0K->4096.0K Heap: 382.6M(512.0M)->352.0M(512.0M)]
 [Times: user=0.06 sys=0.00, real=0.01 secs] 
0.817: [GC pause (G1 Humongous Allocation) (young) (initial-mark), 0.0031737 secs]
   [Parallel Time: 1.7 ms, GC Workers: 8]
      [GC Worker Start (ms): Min: 817.1, Avg: 817.2, Max: 817.4, Diff: 0.3]
      [Ext Root Scanning (ms): Min: 0.0, Avg: 0.3, Max: 0.5, Diff: 0.5, Sum: 2.6]
      [Update RS (ms): Min: 0.0, Avg: 0.3, Max: 0.8, Diff: 0.7, Sum: 2.4]
         [Processed Buffers: Min: 0, Avg: 1.1, Max: 3, Diff: 3, Sum: 9]
      [Scan RS (ms): Min: 0.0, Avg: 0.0, Max: 0.0, Diff: 0.0, Sum: 0.0]
      [Code Root Scanning (ms): Min: 0.0, Avg: 0.0, Max: 0.0, Diff: 0.0, Sum: 0.0]
      [Object Copy (ms): Min: 0.1, Avg: 0.4, Max: 0.6, Diff: 0.5, Sum: 3.2]
      [Termination (ms): Min: 0.0, Avg: 0.1, Max: 0.2, Diff: 0.2, Sum: 0.8]
      [GC Worker Other (ms): Min: 0.0, Avg: 0.0, Max: 0.0, Diff: 0.0, Sum: 0.1]
      [GC Worker Total (ms): Min: 1.0, Avg: 1.1, Max: 1.2, Diff: 0.3, Sum: 9.1]
      [GC Worker End (ms): Min: 818.3, Avg: 818.4, Max: 818.4, Diff: 0.1]
   [Code Root Fixup: 0.0 ms]
   [Code Root Purge: 0.0 ms]
   [Clear CT: 0.5 ms]
   [Other: 1.0 ms]
      [Choose CSet: 0.0 ms]
      [Ref Proc: 0.4 ms]
      [Ref Enq: 0.0 ms]
      [Redirty Cards: 0.4 ms]
      [Humongous Reclaim: 0.1 ms]
      [Free CSet: 0.0 ms]
   [Eden: 4096.0K(38.0M)->0.0B(33.0M) Survivors: 4096.0K->2048.0K Heap: 355.3M(512.0M)->353.9M(512.0M)]
 [Times: user=0.01 sys=0.00, real=0.01 secs] 
0.820: [GC concurrent-root-region-scan-start]
0.820: [GC concurrent-root-region-scan-end, 0.0002485 secs]
0.821: [GC concurrent-mark-start]
0.822: [GC concurrent-mark-end, 0.0014628 secs]
0.822: [GC remark 0.822: [Finalize Marking, 0.0006830 secs] 0.823: [GC ref-proc, 0.0000584 secs] 0.823: [Unloading, 0.0007078 secs], 0.0020618 secs]
 [Times: user=0.00 sys=0.00, real=0.00 secs] 
0.825: [GC cleanup 362M->354M(512M), 0.0018554 secs]
 [Times: user=0.01 sys=0.00, real=0.00 secs] 
0.827: [GC concurrent-cleanup-start]
0.827: [GC concurrent-cleanup-end, 0.0000253 secs]
0.833: [GC pause (G1 Evacuation Pause) (young), 0.0049337 secs]
   [Parallel Time: 3.5 ms, GC Workers: 8]
      [GC Worker Start (ms): Min: 833.1, Avg: 833.3, Max: 833.5, Diff: 0.4]
      [Ext Root Scanning (ms): Min: 0.0, Avg: 0.1, Max: 0.3, Diff: 0.3, Sum: 0.9]
      [Update RS (ms): Min: 0.8, Avg: 0.9, Max: 1.0, Diff: 0.2, Sum: 7.1]
         [Processed Buffers: Min: 5, Avg: 6.6, Max: 9, Diff: 4, Sum: 53]
      [Scan RS (ms): Min: 0.0, Avg: 0.0, Max: 0.0, Diff: 0.0, Sum: 0.0]
      [Code Root Scanning (ms): Min: 0.0, Avg: 0.0, Max: 0.0, Diff: 0.0, Sum: 0.0]
      [Object Copy (ms): Min: 1.7, Avg: 1.8, Max: 1.9, Diff: 0.3, Sum: 14.2]
      [Termination (ms): Min: 0.0, Avg: 0.2, Max: 0.3, Diff: 0.3, Sum: 1.2]
      [GC Worker Other (ms): Min: 0.0, Avg: 0.0, Max: 0.0, Diff: 0.0, Sum: 0.1]
      [GC Worker Total (ms): Min: 2.8, Avg: 2.9, Max: 3.2, Diff: 0.4, Sum: 23.6]
      [GC Worker End (ms): Min: 836.2, Avg: 836.2, Max: 836.3, Diff: 0.0]
   [Code Root Fixup: 0.0 ms]
   [Code Root Purge: 0.0 ms]
   [Clear CT: 0.4 ms]
   [Other: 1.0 ms]
      [Choose CSet: 0.0 ms]
      [Ref Proc: 0.4 ms]
      [Ref Enq: 0.0 ms]
      [Redirty Cards: 0.4 ms]
      [Humongous Reclaim: 0.1 ms]
      [Free CSet: 0.0 ms]
   [Eden: 33.0M(33.0M)->0.0B(20.0M) Survivors: 2048.0K->5120.0K Heap: 384.3M(512.0M)->361.0M(512.0M)]
 [Times: user=0.03 sys=0.01, real=0.00 secs] 
0.843: [GC pause (G1 Evacuation Pause) (mixed), 0.0087867 secs]
   [Parallel Time: 7.2 ms, GC Workers: 8]
      [GC Worker Start (ms): Min: 843.5, Avg: 843.6, Max: 843.8, Diff: 0.4]
      [Ext Root Scanning (ms): Min: 0.0, Avg: 0.1, Max: 0.3, Diff: 0.3, Sum: 0.9]
      [Update RS (ms): Min: 0.9, Avg: 0.9, Max: 1.0, Diff: 0.1, Sum: 7.5]
         [Processed Buffers: Min: 6, Avg: 7.4, Max: 10, Diff: 4, Sum: 59]
      [Scan RS (ms): Min: 0.0, Avg: 0.1, Max: 0.2, Diff: 0.2, Sum: 0.7]
      [Code Root Scanning (ms): Min: 0.0, Avg: 0.0, Max: 0.1, Diff: 0.1, Sum: 0.1]
      [Object Copy (ms): Min: 5.3, Avg: 5.4, Max: 5.6, Diff: 0.3, Sum: 43.5]
      [Termination (ms): Min: 0.0, Avg: 0.2, Max: 0.2, Diff: 0.2, Sum: 1.5]
      [GC Worker Other (ms): Min: 0.0, Avg: 0.0, Max: 0.1, Diff: 0.0, Sum: 0.2]
      [GC Worker Total (ms): Min: 6.6, Avg: 6.8, Max: 7.0, Diff: 0.4, Sum: 54.4]
      [GC Worker End (ms): Min: 850.4, Avg: 850.4, Max: 850.5, Diff: 0.0]
   [Code Root Fixup: 0.0 ms]
   [Code Root Purge: 0.0 ms]
   [Clear CT: 0.5 ms]
   [Other: 1.1 ms]
      [Choose CSet: 0.0 ms]
      [Ref Proc: 0.4 ms]
      [Ref Enq: 0.0 ms]
      [Redirty Cards: 0.4 ms]
      [Humongous Reclaim: 0.1 ms]
      [Free CSet: 0.1 ms]
   [Eden: 20.0M(20.0M)->0.0B(32.0M) Survivors: 5120.0K->4096.0K Heap: 387.2M(512.0M)->357.5M(512.0M)]
 [Times: user=0.06 sys=0.00, real=0.01 secs] 
0.853: [GC pause (G1 Humongous Allocation) (young) (initial-mark), 0.0033137 secs]
   [Parallel Time: 1.7 ms, GC Workers: 8]
      [GC Worker Start (ms): Min: 852.9, Avg: 853.1, Max: 853.2, Diff: 0.3]
      [Ext Root Scanning (ms): Min: 0.0, Avg: 0.3, Max: 0.4, Diff: 0.4, Sum: 2.2]
      [Update RS (ms): Min: 0.0, Avg: 0.3, Max: 0.7, Diff: 0.7, Sum: 2.0]
         [Processed Buffers: Min: 0, Avg: 1.1, Max: 3, Diff: 3, Sum: 9]
      [Scan RS (ms): Min: 0.0, Avg: 0.0, Max: 0.0, Diff: 0.0, Sum: 0.0]
      [Code Root Scanning (ms): Min: 0.0, Avg: 0.0, Max: 0.0, Diff: 0.0, Sum: 0.0]
      [Object Copy (ms): Min: 0.1, Avg: 0.5, Max: 0.7, Diff: 0.6, Sum: 3.9]
      [Termination (ms): Min: 0.0, Avg: 0.1, Max: 0.2, Diff: 0.2, Sum: 0.7]
      [GC Worker Other (ms): Min: 0.0, Avg: 0.0, Max: 0.0, Diff: 0.0, Sum: 0.1]
      [GC Worker Total (ms): Min: 1.0, Avg: 1.1, Max: 1.2, Diff: 0.3, Sum: 9.0]
      [GC Worker End (ms): Min: 854.2, Avg: 854.2, Max: 854.2, Diff: 0.1]
   [Code Root Fixup: 0.0 ms]
   [Code Root Purge: 0.0 ms]
   [Clear CT: 0.6 ms]
   [Other: 0.9 ms]
      [Choose CSet: 0.0 ms]
      [Ref Proc: 0.4 ms]
      [Ref Enq: 0.0 ms]
      [Redirty Cards: 0.4 ms]
      [Humongous Reclaim: 0.0 ms]
      [Free CSet: 0.0 ms]
   [Eden: 4096.0K(32.0M)->0.0B(32.0M) Survivors: 4096.0K->2048.0K Heap: 360.8M(512.0M)->358.6M(512.0M)]
 [Times: user=0.01 sys=0.00, real=0.00 secs] 
0.856: [GC concurrent-root-region-scan-start]
0.857: [GC concurrent-root-region-scan-end, 0.0002914 secs]
0.857: [GC concurrent-mark-start]
0.858: [GC concurrent-mark-end, 0.0012602 secs]
0.858: [GC remark 0.858: [Finalize Marking, 0.0006747 secs] 0.859: [GC ref-proc, 0.0000593 secs] 0.859: [Unloading, 0.0007489 secs], 0.0020293 secs]
 [Times: user=0.01 sys=0.00, real=0.01 secs] 
0.860: [GC cleanup 368M->361M(512M), 0.0017182 secs]
 [Times: user=0.00 sys=0.00, real=0.00 secs] 
0.862: [GC concurrent-cleanup-start]
0.862: [GC concurrent-cleanup-end, 0.0000160 secs]
0.870: [GC pause (G1 Evacuation Pause) (young), 0.0052124 secs]
   [Parallel Time: 3.5 ms, GC Workers: 8]
      [GC Worker Start (ms): Min: 869.8, Avg: 869.9, Max: 870.0, Diff: 0.2]
      [Ext Root Scanning (ms): Min: 0.0, Avg: 0.1, Max: 0.2, Diff: 0.2, Sum: 0.6]
      [Update RS (ms): Min: 0.9, Avg: 0.9, Max: 1.1, Diff: 0.3, Sum: 7.6]
         [Processed Buffers: Min: 7, Avg: 8.2, Max: 9, Diff: 2, Sum: 66]
      [Scan RS (ms): Min: 0.0, Avg: 0.0, Max: 0.1, Diff: 0.1, Sum: 0.1]
      [Code Root Scanning (ms): Min: 0.0, Avg: 0.0, Max: 0.0, Diff: 0.0, Sum: 0.0]
      [Object Copy (ms): Min: 1.6, Avg: 1.7, Max: 1.9, Diff: 0.3, Sum: 13.9]
      [Termination (ms): Min: 0.0, Avg: 0.2, Max: 0.5, Diff: 0.5, Sum: 1.6]
      [GC Worker Other (ms): Min: 0.0, Avg: 0.0, Max: 0.0, Diff: 0.0, Sum: 0.1]
      [GC Worker Total (ms): Min: 2.9, Avg: 3.0, Max: 3.1, Diff: 0.2, Sum: 23.8]
      [GC Worker End (ms): Min: 872.8, Avg: 872.9, Max: 873.1, Diff: 0.3]
   [Code Root Fixup: 0.0 ms]
   [Code Root Purge: 0.0 ms]
   [Clear CT: 0.5 ms]
   [Other: 1.2 ms]
      [Choose CSet: 0.0 ms]
      [Ref Proc: 0.6 ms]
      [Ref Enq: 0.0 ms]
      [Redirty Cards: 0.4 ms]
      [Humongous Reclaim: 0.1 ms]
      [Free CSet: 0.0 ms]
   [Eden: 32.0M(32.0M)->0.0B(20.0M) Survivors: 2048.0K->5120.0K Heap: 395.3M(512.0M)->368.3M(512.0M)]
 [Times: user=0.03 sys=0.00, real=0.00 secs] 
0.880: [GC pause (G1 Evacuation Pause) (mixed), 0.0089747 secs]
   [Parallel Time: 7.3 ms, GC Workers: 8]
      [GC Worker Start (ms): Min: 880.4, Avg: 880.6, Max: 880.8, Diff: 0.5]
      [Ext Root Scanning (ms): Min: 0.0, Avg: 0.1, Max: 0.3, Diff: 0.3, Sum: 0.7]
      [Update RS (ms): Min: 0.8, Avg: 1.0, Max: 1.0, Diff: 0.3, Sum: 7.7]
         [Processed Buffers: Min: 4, Avg: 6.5, Max: 9, Diff: 5, Sum: 52]
      [Scan RS (ms): Min: 0.0, Avg: 0.1, Max: 0.1, Diff: 0.1, Sum: 0.4]
      [Code Root Scanning (ms): Min: 0.0, Avg: 0.0, Max: 0.0, Diff: 0.0, Sum: 0.0]
      [Object Copy (ms): Min: 5.7, Avg: 5.7, Max: 5.7, Diff: 0.1, Sum: 45.6]
      [Termination (ms): Min: 0.0, Avg: 0.0, Max: 0.1, Diff: 0.1, Sum: 0.4]
      [GC Worker Other (ms): Min: 0.0, Avg: 0.0, Max: 0.0, Diff: 0.0, Sum: 0.1]
      [GC Worker Total (ms): Min: 6.6, Avg: 6.8, Max: 7.1, Diff: 0.5, Sum: 54.8]
      [GC Worker End (ms): Min: 887.4, Avg: 887.4, Max: 887.5, Diff: 0.0]
   [Code Root Fixup: 0.0 ms]
   [Code Root Purge: 0.0 ms]
   [Clear CT: 0.4 ms]
   [Other: 1.3 ms]
      [Choose CSet: 0.0 ms]
      [Ref Proc: 0.6 ms]
      [Ref Enq: 0.0 ms]
      [Redirty Cards: 0.3 ms]
      [Humongous Reclaim: 0.1 ms]
      [Free CSet: 0.1 ms]
   [Eden: 20.0M(20.0M)->0.0B(32.0M) Survivors: 5120.0K->4096.0K Heap: 393.8M(512.0M)->359.1M(512.0M)]
 [Times: user=0.05 sys=0.01, real=0.01 secs] 
0.890: [GC pause (G1 Humongous Allocation) (young) (initial-mark), 0.0029247 secs]
   [Parallel Time: 1.5 ms, GC Workers: 8]
      [GC Worker Start (ms): Min: 889.9, Avg: 890.0, Max: 890.2, Diff: 0.3]
      [Ext Root Scanning (ms): Min: 0.0, Avg: 0.3, Max: 0.6, Diff: 0.6, Sum: 2.8]
      [Update RS (ms): Min: 0.0, Avg: 0.2, Max: 0.6, Diff: 0.6, Sum: 1.4]
         [Processed Buffers: Min: 0, Avg: 1.1, Max: 2, Diff: 2, Sum: 9]
      [Scan RS (ms): Min: 0.0, Avg: 0.0, Max: 0.0, Diff: 0.0, Sum: 0.0]
      [Code Root Scanning (ms): Min: 0.0, Avg: 0.0, Max: 0.0, Diff: 0.0, Sum: 0.0]
      [Object Copy (ms): Min: 0.0, Avg: 0.4, Max: 0.6, Diff: 0.6, Sum: 3.5]
      [Termination (ms): Min: 0.0, Avg: 0.1, Max: 0.2, Diff: 0.2, Sum: 0.8]
      [GC Worker Other (ms): Min: 0.0, Avg: 0.0, Max: 0.0, Diff: 0.0, Sum: 0.1]
      [GC Worker Total (ms): Min: 0.9, Avg: 1.1, Max: 1.2, Diff: 0.3, Sum: 8.6]
      [GC Worker End (ms): Min: 891.1, Avg: 891.1, Max: 891.1, Diff: 0.1]
   [Code Root Fixup: 0.0 ms]
   [Code Root Purge: 0.0 ms]
   [Clear CT: 0.4 ms]
   [Other: 1.1 ms]
      [Choose CSet: 0.0 ms]
      [Ref Proc: 0.5 ms]
      [Ref Enq: 0.0 ms]
      [Redirty Cards: 0.3 ms]
      [Humongous Reclaim: 0.0 ms]
      [Free CSet: 0.0 ms]
   [Eden: 2048.0K(32.0M)->0.0B(32.0M) Survivors: 4096.0K->1024.0K Heap: 360.6M(512.0M)->359.3M(512.0M)]
 [Times: user=0.01 sys=0.00, real=0.00 secs] 
0.893: [GC concurrent-root-region-scan-start]
0.893: [GC concurrent-root-region-scan-end, 0.0002197 secs]
0.893: [GC concurrent-mark-start]
0.894: [GC concurrent-mark-end, 0.0014417 secs]
0.895: [GC remark 0.895: [Finalize Marking, 0.0004880 secs] 0.895: [GC ref-proc, 0.0000564 secs] 0.895: [Unloading, 0.0006603 secs], 0.0016004 secs]
 [Times: user=0.00 sys=0.00, real=0.00 secs] 
0.897: [GC cleanup 368M->357M(512M), 0.0016705 secs]
 [Times: user=0.00 sys=0.00, real=0.00 secs] 
0.899: [GC concurrent-cleanup-start]
0.899: [GC concurrent-cleanup-end, 0.0000196 secs]
0.906: [GC pause (G1 Evacuation Pause) (young), 0.0050883 secs]
   [Parallel Time: 3.4 ms, GC Workers: 8]
      [GC Worker Start (ms): Min: 905.8, Avg: 905.9, Max: 906.1, Diff: 0.3]
      [Ext Root Scanning (ms): Min: 0.0, Avg: 0.1, Max: 0.2, Diff: 0.2, Sum: 0.7]
      [Update RS (ms): Min: 1.1, Avg: 1.1, Max: 1.2, Diff: 0.1, Sum: 9.0]
         [Processed Buffers: Min: 8, Avg: 10.2, Max: 11, Diff: 3, Sum: 82]
      [Scan RS (ms): Min: 0.0, Avg: 0.0, Max: 0.0, Diff: 0.0, Sum: 0.1]
      [Code Root Scanning (ms): Min: 0.0, Avg: 0.0, Max: 0.0, Diff: 0.0, Sum: 0.0]
      [Object Copy (ms): Min: 1.8, Avg: 1.8, Max: 1.9, Diff: 0.1, Sum: 14.6]
      [Termination (ms): Min: 0.0, Avg: 0.1, Max: 0.1, Diff: 0.1, Sum: 0.4]
      [GC Worker Other (ms): Min: 0.0, Avg: 0.0, Max: 0.0, Diff: 0.0, Sum: 0.1]
      [GC Worker Total (ms): Min: 2.9, Avg: 3.1, Max: 3.2, Diff: 0.3, Sum: 24.9]
      [GC Worker End (ms): Min: 909.0, Avg: 909.0, Max: 909.0, Diff: 0.0]
   [Code Root Fixup: 0.0 ms]
   [Code Root Purge: 0.0 ms]
   [Clear CT: 0.4 ms]
   [Other: 1.2 ms]
      [Choose CSet: 0.0 ms]
      [Ref Proc: 0.6 ms]
      [Ref Enq: 0.0 ms]
      [Redirty Cards: 0.4 ms]
      [Humongous Reclaim: 0.1 ms]
      [Free CSet: 0.0 ms]
   [Eden: 32.0M(32.0M)->0.0B(20.0M) Survivors: 1024.0K->5120.0K Heap: 393.5M(512.0M)->371.2M(512.0M)]
 [Times: user=0.02 sys=0.00, real=0.01 secs] 
0.915: [GC pause (G1 Evacuation Pause) (mixed), 0.0078597 secs]
   [Parallel Time: 5.9 ms, GC Workers: 8]
      [GC Worker Start (ms): Min: 915.5, Avg: 915.7, Max: 916.0, Diff: 0.5]
      [Ext Root Scanning (ms): Min: 0.0, Avg: 0.1, Max: 0.2, Diff: 0.2, Sum: 0.6]
      [Update RS (ms): Min: 0.3, Avg: 0.6, Max: 0.7, Diff: 0.4, Sum: 4.7]
         [Processed Buffers: Min: 2, Avg: 4.0, Max: 6, Diff: 4, Sum: 32]
      [Scan RS (ms): Min: 0.0, Avg: 0.1, Max: 0.1, Diff: 0.1, Sum: 0.4]
      [Code Root Scanning (ms): Min: 0.0, Avg: 0.0, Max: 0.0, Diff: 0.0, Sum: 0.0]
      [Object Copy (ms): Min: 4.1, Avg: 4.2, Max: 4.5, Diff: 0.4, Sum: 33.9]
      [Termination (ms): Min: 0.0, Avg: 0.4, Max: 0.6, Diff: 0.6, Sum: 3.2]
      [GC Worker Other (ms): Min: 0.0, Avg: 0.0, Max: 0.0, Diff: 0.0, Sum: 0.1]
      [GC Worker Total (ms): Min: 5.0, Avg: 5.4, Max: 5.6, Diff: 0.6, Sum: 42.8]
      [GC Worker End (ms): Min: 920.9, Avg: 921.0, Max: 921.1, Diff: 0.2]
   [Code Root Fixup: 0.0 ms]
   [Code Root Purge: 0.0 ms]
   [Clear CT: 0.5 ms]
   [Other: 1.4 ms]
      [Choose CSet: 0.0 ms]
      [Ref Proc: 0.7 ms]
      [Ref Enq: 0.0 ms]
      [Redirty Cards: 0.4 ms]
      [Humongous Reclaim: 0.1 ms]
      [Free CSet: 0.1 ms]
   [Eden: 20.0M(20.0M)->0.0B(32.0M) Survivors: 5120.0K->4096.0K Heap: 394.0M(512.0M)->360.3M(512.0M)]
 [Times: user=0.04 sys=0.00, real=0.01 secs] 
0.924: [GC pause (G1 Humongous Allocation) (young) (initial-mark), 0.0030251 secs]
   [Parallel Time: 1.5 ms, GC Workers: 8]
      [GC Worker Start (ms): Min: 924.4, Avg: 924.5, Max: 924.7, Diff: 0.3]
      [Ext Root Scanning (ms): Min: 0.0, Avg: 0.3, Max: 0.5, Diff: 0.5, Sum: 2.1]
      [Update RS (ms): Min: 0.0, Avg: 0.1, Max: 0.5, Diff: 0.5, Sum: 0.9]
         [Processed Buffers: Min: 0, Avg: 1.1, Max: 3, Diff: 3, Sum: 9]
      [Scan RS (ms): Min: 0.0, Avg: 0.0, Max: 0.0, Diff: 0.0, Sum: 0.0]
      [Code Root Scanning (ms): Min: 0.0, Avg: 0.0, Max: 0.0, Diff: 0.0, Sum: 0.0]
      [Object Copy (ms): Min: 0.1, Avg: 0.5, Max: 0.6, Diff: 0.4, Sum: 3.6]
      [Termination (ms): Min: 0.0, Avg: 0.1, Max: 0.1, Diff: 0.1, Sum: 0.6]
      [GC Worker Other (ms): Min: 0.0, Avg: 0.0, Max: 0.0, Diff: 0.0, Sum: 0.1]
      [GC Worker Total (ms): Min: 0.8, Avg: 0.9, Max: 1.1, Diff: 0.3, Sum: 7.3]
      [GC Worker End (ms): Min: 925.4, Avg: 925.4, Max: 925.5, Diff: 0.1]
   [Code Root Fixup: 0.0 ms]
   [Code Root Purge: 0.0 ms]
   [Clear CT: 0.4 ms]
   [Other: 1.1 ms]
      [Choose CSet: 0.0 ms]
      [Ref Proc: 0.6 ms]
      [Ref Enq: 0.0 ms]
      [Redirty Cards: 0.4 ms]
      [Humongous Reclaim: 0.0 ms]
      [Free CSet: 0.0 ms]
   [Eden: 4096.0K(32.0M)->0.0B(31.0M) Survivors: 4096.0K->2048.0K Heap: 364.1M(512.0M)->361.7M(512.0M)]
 [Times: user=0.01 sys=0.00, real=0.00 secs] 
0.927: [GC concurrent-root-region-scan-start]
0.928: [GC concurrent-root-region-scan-end, 0.0002291 secs]
0.928: [GC concurrent-mark-start]
0.929: [GC concurrent-mark-end, 0.0013159 secs]
0.929: [GC remark 0.929: [Finalize Marking, 0.0006851 secs] 0.930: [GC ref-proc, 0.0000658 secs] 0.930: [Unloading, 0.0009656 secs], 0.0021291 secs]
 [Times: user=0.01 sys=0.00, real=0.00 secs] 
0.932: [GC cleanup 370M->367M(512M), 0.0015567 secs]
 [Times: user=0.00 sys=0.00, real=0.00 secs] 
0.933: [GC concurrent-cleanup-start]
0.933: [GC concurrent-cleanup-end, 0.0000149 secs]
0.940: [GC pause (G1 Evacuation Pause) (young), 0.0049658 secs]
   [Parallel Time: 3.4 ms, GC Workers: 8]
      [GC Worker Start (ms): Min: 940.5, Avg: 940.7, Max: 940.9, Diff: 0.4]
      [Ext Root Scanning (ms): Min: 0.0, Avg: 0.1, Max: 0.3, Diff: 0.3, Sum: 0.9]
      [Update RS (ms): Min: 1.2, Avg: 1.3, Max: 1.4, Diff: 0.1, Sum: 10.7]
         [Processed Buffers: Min: 8, Avg: 11.9, Max: 14, Diff: 6, Sum: 95]
      [Scan RS (ms): Min: 0.0, Avg: 0.0, Max: 0.0, Diff: 0.0, Sum: 0.0]
      [Code Root Scanning (ms): Min: 0.0, Avg: 0.0, Max: 0.0, Diff: 0.0, Sum: 0.0]
      [Object Copy (ms): Min: 1.1, Avg: 1.2, Max: 1.3, Diff: 0.1, Sum: 9.7]
      [Termination (ms): Min: 0.0, Avg: 0.1, Max: 0.1, Diff: 0.1, Sum: 0.5]
      [GC Worker Other (ms): Min: 0.0, Avg: 0.1, Max: 0.2, Diff: 0.1, Sum: 0.4]
      [GC Worker Total (ms): Min: 2.5, Avg: 2.8, Max: 3.0, Diff: 0.5, Sum: 22.2]
      [GC Worker End (ms): Min: 943.5, Avg: 943.5, Max: 943.6, Diff: 0.1]
   [Code Root Fixup: 0.0 ms]
   [Code Root Purge: 0.0 ms]
   [Clear CT: 0.5 ms]
   [Other: 1.0 ms]
      [Choose CSet: 0.0 ms]
      [Ref Proc: 0.4 ms]
      [Ref Enq: 0.0 ms]
      [Redirty Cards: 0.4 ms]
      [Humongous Reclaim: 0.1 ms]
      [Free CSet: 0.0 ms]
   [Eden: 31.0M(31.0M)->0.0B(20.0M) Survivors: 2048.0K->5120.0K Heap: 400.0M(512.0M)->372.9M(512.0M)]
 [Times: user=0.02 sys=0.01, real=0.00 secs] 
0.950: [GC pause (G1 Evacuation Pause) (mixed), 0.0096984 secs]
   [Parallel Time: 8.1 ms, GC Workers: 8]
      [GC Worker Start (ms): Min: 950.3, Avg: 950.5, Max: 950.8, Diff: 0.5]
      [Ext Root Scanning (ms): Min: 0.0, Avg: 0.8, Max: 5.4, Diff: 5.4, Sum: 6.3]
      [Update RS (ms): Min: 0.0, Avg: 1.0, Max: 1.2, Diff: 1.2, Sum: 7.8]
         [Processed Buffers: Min: 0, Avg: 5.6, Max: 9, Diff: 9, Sum: 45]
      [Scan RS (ms): Min: 0.0, Avg: 0.1, Max: 0.2, Diff: 0.1, Sum: 0.6]
      [Code Root Scanning (ms): Min: 0.0, Avg: 0.0, Max: 0.0, Diff: 0.0, Sum: 0.0]
      [Object Copy (ms): Min: 2.3, Avg: 5.7, Max: 6.2, Diff: 4.0, Sum: 45.4]
      [Termination (ms): Min: 0.0, Avg: 0.1, Max: 0.1, Diff: 0.1, Sum: 0.6]
      [GC Worker Other (ms): Min: 0.0, Avg: 0.0, Max: 0.0, Diff: 0.0, Sum: 0.1]
      [GC Worker Total (ms): Min: 7.3, Avg: 7.6, Max: 7.9, Diff: 0.6, Sum: 60.8]
      [GC Worker End (ms): Min: 958.1, Avg: 958.1, Max: 958.1, Diff: 0.1]
   [Code Root Fixup: 0.0 ms]
   [Code Root Purge: 0.0 ms]
   [Clear CT: 0.3 ms]
   [Other: 1.3 ms]
      [Choose CSet: 0.0 ms]
      [Ref Proc: 0.6 ms]
      [Ref Enq: 0.0 ms]
      [Redirty Cards: 0.4 ms]
      [Humongous Reclaim: 0.1 ms]
      [Free CSet: 0.1 ms]
   [Eden: 20.0M(20.0M)->0.0B(28.0M) Survivors: 5120.0K->4096.0K Heap: 397.3M(512.0M)->363.1M(512.0M)]
 [Times: user=0.06 sys=0.00, real=0.01 secs] 
0.961: [GC pause (G1 Humongous Allocation) (young) (initial-mark), 0.0032726 secs]
   [Parallel Time: 1.8 ms, GC Workers: 8]
      [GC Worker Start (ms): Min: 960.8, Avg: 960.9, Max: 961.1, Diff: 0.3]
      [Ext Root Scanning (ms): Min: 0.0, Avg: 0.3, Max: 0.5, Diff: 0.5, Sum: 2.1]
      [Update RS (ms): Min: 0.0, Avg: 0.3, Max: 1.0, Diff: 1.0, Sum: 2.4]
         [Processed Buffers: Min: 0, Avg: 1.1, Max: 2, Diff: 2, Sum: 9]
      [Scan RS (ms): Min: 0.0, Avg: 0.0, Max: 0.0, Diff: 0.0, Sum: 0.0]
      [Code Root Scanning (ms): Min: 0.0, Avg: 0.0, Max: 0.0, Diff: 0.0, Sum: 0.0]
      [Object Copy (ms): Min: 0.0, Avg: 0.6, Max: 0.8, Diff: 0.8, Sum: 4.7]
      [Termination (ms): Min: 0.0, Avg: 0.2, Max: 0.3, Diff: 0.3, Sum: 1.4]
      [GC Worker Other (ms): Min: 0.0, Avg: 0.0, Max: 0.0, Diff: 0.0, Sum: 0.1]
      [GC Worker Total (ms): Min: 1.2, Avg: 1.3, Max: 1.5, Diff: 0.3, Sum: 10.7]
      [GC Worker End (ms): Min: 962.3, Avg: 962.3, Max: 962.3, Diff: 0.1]
   [Code Root Fixup: 0.0 ms]
   [Code Root Purge: 0.0 ms]
   [Clear CT: 0.5 ms]
   [Other: 0.9 ms]
      [Choose CSet: 0.0 ms]
      [Ref Proc: 0.4 ms]
      [Ref Enq: 0.0 ms]
      [Redirty Cards: 0.3 ms]
      [Humongous Reclaim: 0.0 ms]
      [Free CSet: 0.0 ms]
   [Eden: 3072.0K(28.0M)->0.0B(25.0M) Survivors: 4096.0K->2048.0K Heap: 365.7M(512.0M)->365.1M(512.0M)]
 [Times: user=0.01 sys=0.00, real=0.00 secs] 
0.964: [GC concurrent-root-region-scan-start]
0.964: [GC concurrent-root-region-scan-end, 0.0002071 secs]
0.964: [GC concurrent-mark-start]
0.966: [GC concurrent-mark-end, 0.0015214 secs]
0.966: [GC remark 0.966: [Finalize Marking, 0.0007337 secs] 0.967: [GC ref-proc, 0.0000580 secs] 0.967: [Unloading, 0.0006975 secs], 0.0021209 secs]
 [Times: user=0.01 sys=0.01, real=0.00 secs] 
0.968: [GC cleanup 374M->369M(512M), 0.0017567 secs]
 [Times: user=0.00 sys=0.00, real=0.01 secs] 
0.970: [GC concurrent-cleanup-start]
0.970: [GC concurrent-cleanup-end, 0.0000178 secs]
0.976: [GC pause (G1 Evacuation Pause) (young), 0.0047381 secs]
   [Parallel Time: 3.1 ms, GC Workers: 8]
      [GC Worker Start (ms): Min: 975.9, Avg: 976.1, Max: 976.3, Diff: 0.4]
      [Ext Root Scanning (ms): Min: 0.0, Avg: 0.1, Max: 0.3, Diff: 0.3, Sum: 1.0]
      [Update RS (ms): Min: 1.2, Avg: 1.2, Max: 1.3, Diff: 0.1, Sum: 9.7]
         [Processed Buffers: Min: 8, Avg: 9.0, Max: 11, Diff: 3, Sum: 72]
      [Scan RS (ms): Min: 0.0, Avg: 0.0, Max: 0.0, Diff: 0.0, Sum: 0.1]
      [Code Root Scanning (ms): Min: 0.0, Avg: 0.0, Max: 0.0, Diff: 0.0, Sum: 0.0]
      [Object Copy (ms): Min: 1.0, Avg: 1.1, Max: 1.2, Diff: 0.2, Sum: 8.7]
      [Termination (ms): Min: 0.0, Avg: 0.2, Max: 0.3, Diff: 0.3, Sum: 1.2]
      [GC Worker Other (ms): Min: 0.0, Avg: 0.0, Max: 0.0, Diff: 0.0, Sum: 0.2]
      [GC Worker Total (ms): Min: 2.5, Avg: 2.6, Max: 2.8, Diff: 0.3, Sum: 20.8]
      [GC Worker End (ms): Min: 978.7, Avg: 978.7, Max: 978.8, Diff: 0.2]
   [Code Root Fixup: 0.0 ms]
   [Code Root Purge: 0.0 ms]
   [Clear CT: 0.5 ms]
   [Other: 1.1 ms]
      [Choose CSet: 0.0 ms]
      [Ref Proc: 0.5 ms]
      [Ref Enq: 0.0 ms]
      [Redirty Cards: 0.4 ms]
      [Humongous Reclaim: 0.1 ms]
      [Free CSet: 0.0 ms]
   [Eden: 25.0M(25.0M)->0.0B(21.0M) Survivors: 2048.0K->4096.0K Heap: 393.0M(512.0M)->372.7M(512.0M)]
 [Times: user=0.02 sys=0.00, real=0.01 secs] 
0.986: [GC pause (G1 Evacuation Pause) (mixed), 0.0092240 secs]
   [Parallel Time: 7.8 ms, GC Workers: 8]
      [GC Worker Start (ms): Min: 986.0, Avg: 986.1, Max: 986.3, Diff: 0.3]
      [Ext Root Scanning (ms): Min: 0.0, Avg: 0.1, Max: 0.2, Diff: 0.2, Sum: 0.7]
      [Update RS (ms): Min: 1.1, Avg: 1.1, Max: 1.2, Diff: 0.2, Sum: 9.0]
         [Processed Buffers: Min: 6, Avg: 8.5, Max: 10, Diff: 4, Sum: 68]
      [Scan RS (ms): Min: 0.0, Avg: 0.1, Max: 0.1, Diff: 0.1, Sum: 0.5]
      [Code Root Scanning (ms): Min: 0.0, Avg: 0.0, Max: 0.0, Diff: 0.0, Sum: 0.0]
      [Object Copy (ms): Min: 5.8, Avg: 5.9, Max: 5.9, Diff: 0.2, Sum: 47.0]
      [Termination (ms): Min: 0.0, Avg: 0.1, Max: 0.2, Diff: 0.2, Sum: 0.6]
      [GC Worker Other (ms): Min: 0.0, Avg: 0.0, Max: 0.0, Diff: 0.0, Sum: 0.1]
      [GC Worker Total (ms): Min: 7.1, Avg: 7.2, Max: 7.4, Diff: 0.3, Sum: 58.0]
      [GC Worker End (ms): Min: 993.4, Avg: 993.4, Max: 993.4, Diff: 0.1]
   [Code Root Fixup: 0.0 ms]
   [Code Root Purge: 0.0 ms]
   [Clear CT: 0.4 ms]
   [Other: 1.0 ms]
      [Choose CSet: 0.0 ms]
      [Ref Proc: 0.4 ms]
      [Ref Enq: 0.0 ms]
      [Redirty Cards: 0.4 ms]
      [Humongous Reclaim: 0.1 ms]
      [Free CSet: 0.1 ms]
   [Eden: 21.0M(21.0M)->0.0B(25.0M) Survivors: 4096.0K->4096.0K Heap: 401.0M(512.0M)->365.2M(512.0M)]
 [Times: user=0.05 sys=0.00, real=0.01 secs] 
0.995: [GC pause (G1 Humongous Allocation) (young) (initial-mark), 0.0026303 secs]
   [Parallel Time: 1.2 ms, GC Workers: 8]
      [GC Worker Start (ms): Min: 995.4, Avg: 995.5, Max: 995.7, Diff: 0.2]
      [Ext Root Scanning (ms): Min: 0.0, Avg: 0.2, Max: 0.3, Diff: 0.3, Sum: 1.7]
      [Update RS (ms): Min: 0.0, Avg: 0.2, Max: 0.6, Diff: 0.6, Sum: 1.3]
         [Processed Buffers: Min: 0, Avg: 1.1, Max: 3, Diff: 3, Sum: 9]
      [Scan RS (ms): Min: 0.0, Avg: 0.0, Max: 0.0, Diff: 0.0, Sum: 0.0]
      [Code Root Scanning (ms): Min: 0.0, Avg: 0.0, Max: 0.0, Diff: 0.0, Sum: 0.0]
      [Object Copy (ms): Min: 0.0, Avg: 0.3, Max: 0.5, Diff: 0.5, Sum: 2.6]
      [Termination (ms): Min: 0.0, Avg: 0.1, Max: 0.1, Diff: 0.1, Sum: 0.5]
      [GC Worker Other (ms): Min: 0.0, Avg: 0.0, Max: 0.0, Diff: 0.0, Sum: 0.1]
      [GC Worker Total (ms): Min: 0.7, Avg: 0.8, Max: 0.9, Diff: 0.2, Sum: 6.1]
      [GC Worker End (ms): Min: 996.3, Avg: 996.3, Max: 996.3, Diff: 0.1]
   [Code Root Fixup: 0.0 ms]
   [Code Root Purge: 0.0 ms]
   [Clear CT: 0.5 ms]
   [Other: 0.9 ms]
      [Choose CSet: 0.0 ms]
      [Ref Proc: 0.4 ms]
      [Ref Enq: 0.0 ms]
      [Redirty Cards: 0.4 ms]
      [Humongous Reclaim: 0.0 ms]
      [Free CSet: 0.0 ms]
   [Eden: 1024.0K(25.0M)->0.0B(26.0M) Survivors: 4096.0K->1024.0K Heap: 366.2M(512.0M)->365.4M(512.0M)]
 [Times: user=0.00 sys=0.00, real=0.00 secs] 
0.998: [GC concurrent-root-region-scan-start]
0.998: [GC concurrent-root-region-scan-end, 0.0000964 secs]
0.998: [GC concurrent-mark-start]
1.000: [GC concurrent-mark-end, 0.0013517 secs]
1.000: [GC remark 1.000: [Finalize Marking, 0.0004978 secs] 1.000: [GC ref-proc, 0.0001305 secs] 1.001: [Unloading, 0.0008115 secs], 0.0019923 secs]
 [Times: user=0.00 sys=0.01, real=0.00 secs] 
1.002: [GC cleanup 374M->371M(512M), 0.0016646 secs]
 [Times: user=0.01 sys=0.00, real=0.00 secs] 
1.004: [GC concurrent-cleanup-start]
1.004: [GC concurrent-cleanup-end, 0.0000100 secs]
1.010: [GC pause (G1 Evacuation Pause) (young), 0.0048346 secs]
   [Parallel Time: 3.2 ms, GC Workers: 8]
      [GC Worker Start (ms): Min: 1010.1, Avg: 1010.3, Max: 1010.6, Diff: 0.5]
      [Ext Root Scanning (ms): Min: 0.0, Avg: 0.1, Max: 0.3, Diff: 0.3, Sum: 0.9]
      [Update RS (ms): Min: 1.0, Avg: 1.1, Max: 1.2, Diff: 0.3, Sum: 9.2]
         [Processed Buffers: Min: 5, Avg: 8.8, Max: 12, Diff: 7, Sum: 70]
      [Scan RS (ms): Min: 0.0, Avg: 0.0, Max: 0.0, Diff: 0.0, Sum: 0.0]
      [Code Root Scanning (ms): Min: 0.0, Avg: 0.0, Max: 0.0, Diff: 0.0, Sum: 0.0]
      [Object Copy (ms): Min: 1.3, Avg: 1.4, Max: 1.5, Diff: 0.2, Sum: 11.4]
      [Termination (ms): Min: 0.0, Avg: 0.1, Max: 0.1, Diff: 0.1, Sum: 0.5]
      [GC Worker Other (ms): Min: 0.0, Avg: 0.0, Max: 0.0, Diff: 0.0, Sum: 0.1]
      [GC Worker Total (ms): Min: 2.5, Avg: 2.8, Max: 3.0, Diff: 0.5, Sum: 22.1]
      [GC Worker End (ms): Min: 1013.1, Avg: 1013.1, Max: 1013.1, Diff: 0.0]
   [Code Root Fixup: 0.0 ms]
   [Code Root Purge: 0.0 ms]
   [Clear CT: 0.5 ms]
   [Other: 1.2 ms]
      [Choose CSet: 0.0 ms]
      [Ref Proc: 0.5 ms]
      [Ref Enq: 0.0 ms]
      [Redirty Cards: 0.4 ms]
      [Humongous Reclaim: 0.1 ms]
      [Free CSet: 0.0 ms]
   [Eden: 26.0M(26.0M)->0.0B(21.0M) Survivors: 1024.0K->4096.0K Heap: 396.9M(512.0M)->376.7M(512.0M)]
 [Times: user=0.02 sys=0.00, real=0.00 secs] 
1.020: [GC pause (G1 Evacuation Pause) (mixed), 0.0102662 secs]
   [Parallel Time: 8.5 ms, GC Workers: 8]
      [GC Worker Start (ms): Min: 1020.6, Avg: 1020.8, Max: 1021.0, Diff: 0.4]
      [Ext Root Scanning (ms): Min: 0.0, Avg: 0.1, Max: 0.3, Diff: 0.3, Sum: 1.1]
      [Update RS (ms): Min: 2.0, Avg: 2.1, Max: 2.2, Diff: 0.1, Sum: 16.9]
         [Processed Buffers: Min: 6, Avg: 10.4, Max: 18, Diff: 12, Sum: 83]
      [Scan RS (ms): Min: 0.0, Avg: 0.0, Max: 0.1, Diff: 0.1, Sum: 0.4]
      [Code Root Scanning (ms): Min: 0.0, Avg: 0.0, Max: 0.0, Diff: 0.0, Sum: 0.0]
      [Object Copy (ms): Min: 5.4, Avg: 5.5, Max: 5.6, Diff: 0.1, Sum: 43.9]
      [Termination (ms): Min: 0.0, Avg: 0.1, Max: 0.2, Diff: 0.2, Sum: 0.9]
      [GC Worker Other (ms): Min: 0.0, Avg: 0.0, Max: 0.0, Diff: 0.0, Sum: 0.1]
      [GC Worker Total (ms): Min: 7.7, Avg: 7.9, Max: 8.1, Diff: 0.4, Sum: 63.3]
      [GC Worker End (ms): Min: 1028.7, Avg: 1028.7, Max: 1028.7, Diff: 0.1]
   [Code Root Fixup: 0.0 ms]
   [Code Root Purge: 0.0 ms]
   [Clear CT: 0.4 ms]
   [Other: 1.3 ms]
      [Choose CSet: 0.1 ms]
      [Ref Proc: 0.5 ms]
      [Ref Enq: 0.0 ms]
      [Redirty Cards: 0.4 ms]
      [Humongous Reclaim: 0.1 ms]
      [Free CSet: 0.1 ms]
   [Eden: 21.0M(21.0M)->0.0B(21.0M) Survivors: 4096.0K->4096.0K Heap: 406.9M(512.0M)->372.9M(512.0M)]
 [Times: user=0.06 sys=0.00, real=0.01 secs] 
1.031: [GC pause (G1 Humongous Allocation) (young) (initial-mark), 0.0030411 secs]
   [Parallel Time: 1.4 ms, GC Workers: 8]
      [GC Worker Start (ms): Min: 1031.1, Avg: 1031.2, Max: 1031.4, Diff: 0.3]
      [Ext Root Scanning (ms): Min: 0.0, Avg: 0.3, Max: 0.5, Diff: 0.5, Sum: 2.4]
      [Update RS (ms): Min: 0.0, Avg: 0.2, Max: 0.5, Diff: 0.5, Sum: 1.4]
         [Processed Buffers: Min: 0, Avg: 1.1, Max: 3, Diff: 3, Sum: 9]
      [Scan RS (ms): Min: 0.0, Avg: 0.0, Max: 0.0, Diff: 0.0, Sum: 0.0]
      [Code Root Scanning (ms): Min: 0.0, Avg: 0.0, Max: 0.0, Diff: 0.0, Sum: 0.0]
      [Object Copy (ms): Min: 0.1, Avg: 0.4, Max: 0.6, Diff: 0.5, Sum: 3.0]
      [Termination (ms): Min: 0.0, Avg: 0.1, Max: 0.2, Diff: 0.2, Sum: 0.8]
      [GC Worker Other (ms): Min: 0.0, Avg: 0.0, Max: 0.0, Diff: 0.0, Sum: 0.1]
      [GC Worker Total (ms): Min: 0.8, Avg: 1.0, Max: 1.1, Diff: 0.3, Sum: 7.7]
      [GC Worker End (ms): Min: 1032.1, Avg: 1032.2, Max: 1032.2, Diff: 0.1]
   [Code Root Fixup: 0.0 ms]
   [Code Root Purge: 0.0 ms]
   [Clear CT: 0.4 ms]
   [Other: 1.2 ms]
      [Choose CSet: 0.0 ms]
      [Ref Proc: 0.7 ms]
      [Ref Enq: 0.0 ms]
      [Redirty Cards: 0.4 ms]
      [Humongous Reclaim: 0.0 ms]
      [Free CSet: 0.0 ms]
   [Eden: 2048.0K(21.0M)->0.0B(24.0M) Survivors: 4096.0K->1024.0K Heap: 374.9M(512.0M)->374.5M(512.0M)]
 [Times: user=0.01 sys=0.01, real=0.00 secs] 
1.034: [GC concurrent-root-region-scan-start]
1.034: [GC concurrent-root-region-scan-end, 0.0000987 secs]
1.034: [GC concurrent-mark-start]
1.036: [GC concurrent-mark-end, 0.0012920 secs]
1.036: [GC remark 1.036: [Finalize Marking, 0.0007144 secs] 1.036: [GC ref-proc, 0.0000609 secs] 1.037: [Unloading, 0.0008465 secs], 0.0022393 secs]
 [Times: user=0.01 sys=0.00, real=0.00 secs] 
1.038: [GC cleanup 381M->372M(512M), 0.0017778 secs]
 [Times: user=0.00 sys=0.00, real=0.01 secs] 
1.040: [GC concurrent-cleanup-start]
1.040: [GC concurrent-cleanup-end, 0.0000181 secs]
1.045: [GC pause (G1 Evacuation Pause) (young), 0.0055183 secs]
   [Parallel Time: 3.9 ms, GC Workers: 8]
      [GC Worker Start (ms): Min: 1045.4, Avg: 1046.0, Max: 1048.8, Diff: 3.5]
      [Ext Root Scanning (ms): Min: 0.0, Avg: 0.1, Max: 0.2, Diff: 0.2, Sum: 0.7]
      [Update RS (ms): Min: 0.0, Avg: 1.1, Max: 1.4, Diff: 1.4, Sum: 9.1]
         [Processed Buffers: Min: 0, Avg: 6.4, Max: 11, Diff: 11, Sum: 51]
      [Scan RS (ms): Min: 0.0, Avg: 0.0, Max: 0.0, Diff: 0.0, Sum: 0.0]
      [Code Root Scanning (ms): Min: 0.0, Avg: 0.0, Max: 0.0, Diff: 0.0, Sum: 0.0]
      [Object Copy (ms): Min: 0.0, Avg: 0.8, Max: 1.0, Diff: 1.0, Sum: 6.4]
      [Termination (ms): Min: 0.0, Avg: 0.9, Max: 1.1, Diff: 1.1, Sum: 7.1]
      [GC Worker Other (ms): Min: 0.0, Avg: 0.0, Max: 0.0, Diff: 0.0, Sum: 0.1]
      [GC Worker Total (ms): Min: 0.0, Avg: 2.9, Max: 3.5, Diff: 3.5, Sum: 23.5]
      [GC Worker End (ms): Min: 1048.9, Avg: 1048.9, Max: 1048.9, Diff: 0.1]
   [Code Root Fixup: 0.0 ms]
   [Code Root Purge: 0.0 ms]
   [Clear CT: 0.5 ms]
   [Other: 1.1 ms]
      [Choose CSet: 0.0 ms]
      [Ref Proc: 0.5 ms]
      [Ref Enq: 0.0 ms]
      [Redirty Cards: 0.4 ms]
      [Humongous Reclaim: 0.1 ms]
      [Free CSet: 0.0 ms]
   [Eden: 24.0M(24.0M)->0.0B(21.0M) Survivors: 1024.0K->4096.0K Heap: 395.4M(512.0M)->375.2M(512.0M)]
 [Times: user=0.02 sys=0.00, real=0.01 secs] 
1.056: [GC pause (G1 Evacuation Pause) (mixed), 0.0113466 secs]
   [Parallel Time: 9.7 ms, GC Workers: 8]
      [GC Worker Start (ms): Min: 1056.0, Avg: 1056.1, Max: 1056.3, Diff: 0.3]
      [Ext Root Scanning (ms): Min: 0.0, Avg: 0.1, Max: 0.2, Diff: 0.2, Sum: 0.7]
      [Update RS (ms): Min: 0.3, Avg: 0.3, Max: 0.4, Diff: 0.1, Sum: 2.6]
         [Processed Buffers: Min: 2, Avg: 3.2, Max: 5, Diff: 3, Sum: 26]
      [Scan RS (ms): Min: 0.0, Avg: 0.0, Max: 0.1, Diff: 0.1, Sum: 0.3]
      [Code Root Scanning (ms): Min: 0.0, Avg: 0.0, Max: 0.0, Diff: 0.0, Sum: 0.0]
      [Object Copy (ms): Min: 5.0, Avg: 5.6, Max: 8.8, Diff: 3.8, Sum: 44.4]
      [Termination (ms): Min: 0.0, Avg: 3.3, Max: 3.8, Diff: 3.8, Sum: 26.3]
      [GC Worker Other (ms): Min: 0.0, Avg: 0.0, Max: 0.0, Diff: 0.0, Sum: 0.1]
      [GC Worker Total (ms): Min: 9.1, Avg: 9.3, Max: 9.4, Diff: 0.3, Sum: 74.4]
      [GC Worker End (ms): Min: 1065.4, Avg: 1065.4, Max: 1065.4, Diff: 0.1]
   [Code Root Fixup: 0.0 ms]
   [Code Root Purge: 0.0 ms]
   [Clear CT: 0.5 ms]
   [Other: 1.1 ms]
      [Choose CSet: 0.0 ms]
      [Ref Proc: 0.4 ms]
      [Ref Enq: 0.0 ms]
      [Redirty Cards: 0.4 ms]
      [Humongous Reclaim: 0.1 ms]
      [Free CSet: 0.1 ms]
   [Eden: 21.0M(21.0M)->0.0B(25.0M) Survivors: 4096.0K->4096.0K Heap: 398.3M(512.0M)->364.6M(512.0M)]
 [Times: user=0.05 sys=0.01, real=0.01 secs] 
Heap
 garbage-first heap   total 524288K, used 373361K [0x00000000e0000000, 0x00000000e0101000, 0x0000000100000000)
  region size 1024K, 5 young (5120K), 4 survivors (4096K)
 Metaspace       used 2489K, capacity 4486K, committed 4864K, reserved 1056768K
  class space    used 264K, capacity 386K, committed 512K, reserved 1048576K
