OpenJDK 64-Bit Server VM (25.40-b25) for linux-amd64 JRE (1.8.0_41-b04), built on Jan 14 2020 22:59:57 by "java_re" with gcc 4.3.0 20080428 (Red Hat 4.3.0-8)
Memory: 4k page, physical 20756568k(3235872k free), swap 10448892k(10448892k free)
CommandLine flags: -XX:InitialHeapSize=536870912 -XX:MaxHeapSize=536870912 -XX:+PrintGC -XX:+PrintGCDetails -XX:+PrintGCTimeStamps -XX:-UseAdaptiveSizePolicy -XX:+UseCompressedClassPointers -XX:+UseCompressedOops -XX:+UseParallelGC 
0.116: [GC (Allocation Failure) [PSYoungGen: 131584K->21491K(153088K)] 131584K->42861K(502784K), 0.0088172 secs] [Times: user=0.03 sys=0.04, real=0.00 secs] 
0.163: [GC (Allocation Failure) [PSYoungGen: 153075K->21500K(153088K)] 174445K->80618K(502784K), 0.0123418 secs] [Times: user=0.02 sys=0.06, real=0.02 secs] 
0.205: [GC (Allocation Failure) [PSYoungGen: 153084K->21500K(153088K)] 212202K->123271K(502784K), 0.0144806 secs] [Times: user=0.06 sys=0.04, real=0.01 secs] 
0.250: [GC (Allocation Failure) [PSYoungGen: 153084K->21496K(153088K)] 254855K->165246K(502784K), 0.0110393 secs] [Times: user=0.03 sys=0.03, real=0.01 secs] 
0.285: [GC (Allocation Failure) [PSYoungGen: 153080K->21498K(153088K)] 296830K->206300K(502784K), 0.0107368 secs] [Times: user=0.04 sys=0.03, real=0.02 secs] 
0.320: [GC (Allocation Failure) [PSYoungGen: 153082K->21503K(153088K)] 337884K->244898K(502784K), 0.0107395 secs] [Times: user=0.05 sys=0.03, real=0.01 secs] 
0.355: [GC (Allocation Failure) [PSYoungGen: 153087K->21496K(153088K)] 376482K->289627K(502784K), 0.0117828 secs] [Times: user=0.05 sys=0.04, real=0.01 secs] 
0.392: [GC (Allocation Failure) [PSYoungGen: 153080K->21494K(153088K)] 421211K->326788K(502784K), 0.0130756 secs] [Times: user=0.05 sys=0.04, real=0.02 secs] 
0.405: [Full GC (Ergonomics) [PSYoungGen: 21494K->0K(153088K)] [ParOldGen: 305293K->229481K(349696K)] 326788K->229481K(502784K), [Metaspace: 2482K->2482K(1056768K)], 0.0713413 secs] [Times: user=0.44 sys=0.04, real=0.07 secs] 
0.501: [GC (Allocation Failure) [PSYoungGen: 131584K->21494K(153088K)] 361065K->269944K(502784K), 0.0067293 secs] [Times: user=0.05 sys=0.00, real=0.01 secs] 
0.531: [GC (Allocation Failure) [PSYoungGen: 152940K->21501K(153088K)] 401391K->311888K(502784K), 0.0108177 secs] [Times: user=0.07 sys=0.01, real=0.01 secs] 
0.567: [GC (Allocation Failure) [PSYoungGen: 153085K->21501K(153088K)] 443472K->353226K(502784K), 0.0126600 secs] [Times: user=0.04 sys=0.04, real=0.01 secs] 
0.579: [Full GC (Ergonomics) [PSYoungGen: 21501K->0K(153088K)] [ParOldGen: 331725K->276551K(349696K)] 353226K->276551K(502784K), [Metaspace: 2482K->2482K(1056768K)], 0.0587859 secs] [Times: user=0.34 sys=0.01, real=0.06 secs] 
0.665: [GC (Allocation Failure) [PSYoungGen: 131584K->21499K(153088K)] 408135K->314627K(502784K), 0.0177178 secs] [Times: user=0.11 sys=0.01, real=0.02 secs] 
0.706: [GC (Allocation Failure) [PSYoungGen: 152809K->21501K(153088K)] 445937K->353791K(502784K), 0.0127457 secs] [Times: user=0.08 sys=0.01, real=0.01 secs] 
0.718: [Full GC (Ergonomics) [PSYoungGen: 21501K->0K(153088K)] [ParOldGen: 332289K->291305K(349696K)] 353791K->291305K(502784K), [Metaspace: 2482K->2482K(1056768K)], 0.0528194 secs] [Times: user=0.34 sys=0.00, real=0.05 secs] 
0.794: [GC (Allocation Failure) [PSYoungGen: 131584K->21497K(153088K)] 422889K->342316K(502784K), 0.0106053 secs] [Times: user=0.07 sys=0.00, real=0.02 secs] 
0.805: [Full GC (Ergonomics) [PSYoungGen: 21497K->0K(153088K)] [ParOldGen: 320818K->303843K(349696K)] 342316K->303843K(502784K), [Metaspace: 2482K->2482K(1056768K)], 0.0505816 secs] [Times: user=0.34 sys=0.00, real=0.05 secs] 
0.880: [Full GC (Ergonomics) [PSYoungGen: 131584K->0K(153088K)] [ParOldGen: 303843K->307416K(349696K)] 435427K->307416K(502784K), [Metaspace: 2482K->2482K(1056768K)], 0.0608139 secs] [Times: user=0.38 sys=0.02, real=0.06 secs] 
0.965: [Full GC (Ergonomics) [PSYoungGen: 131216K->0K(153088K)] [ParOldGen: 307416K->321972K(349696K)] 438632K->321972K(502784K), [Metaspace: 3067K->3067K(1056768K)], 0.0544224 secs] [Times: user=0.36 sys=0.01, real=0.05 secs] 
1.048: [Full GC (Ergonomics) [PSYoungGen: 131397K->0K(153088K)] [ParOldGen: 321972K->325370K(349696K)] 453369K->325370K(502784K), [Metaspace: 3079K->3079K(1056768K)], 0.0573089 secs] [Times: user=0.35 sys=0.01, real=0.06 secs] 
Heap
 PSYoungGen      total 153088K, used 4277K [0x00000000f5580000, 0x0000000100000000, 0x0000000100000000)
  eden space 131584K, 3% used [0x00000000f5580000,0x00000000f59ad560,0x00000000fd600000)
  from space 21504K, 0% used [0x00000000feb00000,0x00000000feb00000,0x0000000100000000)
  to   space 21504K, 0% used [0x00000000fd600000,0x00000000fd600000,0x00000000feb00000)
 ParOldGen       total 349696K, used 325370K [0x00000000e0000000, 0x00000000f5580000, 0x00000000f5580000)
  object space 349696K, 93% used [0x00000000e0000000,0x00000000f3dbe978,0x00000000f5580000)
 Metaspace       used 3085K, capacity 4486K, committed 4864K, reserved 1056768K
  class space    used 337K, capacity 386K, committed 512K, reserved 1048576K
