OpenJDK 64-Bit Server VM (25.40-b25) for linux-amd64 JRE (1.8.0_41-b04), built on Jan 14 2020 22:59:57 by "java_re" with gcc 4.3.0 20080428 (Red Hat 4.3.0-8)
Memory: 4k page, physical 20756568k(4194912k free), swap 10448892k(10448892k free)
CommandLine flags: -XX:InitialHeapSize=536870912 -XX:MaxHeapSize=536870912 -XX:+PrintGC -XX:+PrintGCDetails -XX:+PrintGCTimeStamps -XX:-UseAdaptiveSizePolicy -XX:+UseCompressedClassPointers -XX:+UseCompressedOops -XX:+UseSerialGC 
0.127: [GC (Allocation Failure) 0.127: [DefNew: 139776K->17472K(157248K), 0.0192795 secs] 139776K->47991K(506816K), 0.0193730 secs] [Times: user=0.01 sys=0.01, real=0.01 secs] 
0.188: [GC (Allocation Failure) 0.188: [DefNew: 157248K->17471K(157248K), 0.0241333 secs] 187767K->89925K(506816K), 0.0242390 secs] [Times: user=0.02 sys=0.01, real=0.02 secs] 
0.251: [GC (Allocation Failure) 0.251: [DefNew: 157247K->17471K(157248K), 0.0222594 secs] 229701K->135835K(506816K), 0.0223325 secs] [Times: user=0.01 sys=0.01, real=0.02 secs] 
0.306: [GC (Allocation Failure) 0.306: [DefNew: 157247K->17470K(157248K), 0.0218867 secs] 275611K->179898K(506816K), 0.0219532 secs] [Times: user=0.01 sys=0.01, real=0.03 secs] 
0.359: [GC (Allocation Failure) 0.359: [DefNew: 157246K->17471K(157248K), 0.0251724 secs] 319674K->230033K(506816K), 0.0252408 secs] [Times: user=0.01 sys=0.01, real=0.02 secs] 
0.415: [GC (Allocation Failure) 0.416: [DefNew: 157247K->17471K(157248K), 0.0220104 secs] 369809K->275466K(506816K), 0.0220796 secs] [Times: user=0.02 sys=0.01, real=0.03 secs] 
0.468: [GC (Allocation Failure) 0.468: [DefNew: 157037K->17470K(157248K), 0.0226435 secs] 415032K->318214K(506816K), 0.0227188 secs] [Times: user=0.01 sys=0.01, real=0.02 secs] 
0.523: [GC (Allocation Failure) 0.523: [DefNew: 157051K->157051K(157248K), 0.0000225 secs]0.523: [Tenured: 300744K->272060K(349568K), 0.0631621 secs] 457796K->272060K(506816K), [Metaspace: 2482K->2482K(1056768K)], 0.0632782 secs] [Times: user=0.06 sys=0.00, real=0.06 secs] 
0.621: [GC (Allocation Failure) 0.621: [DefNew: 139776K->17470K(157248K), 0.0152660 secs] 411836K->319406K(506816K), 0.0153653 secs] [Times: user=0.01 sys=0.00, real=0.01 secs] 
0.673: [GC (Allocation Failure) 0.673: [DefNew: 157246K->157246K(157248K), 0.0000150 secs]0.673: [Tenured: 301936K->295257K(349568K), 0.0723930 secs] 459182K->295257K(506816K), [Metaspace: 2482K->2482K(1056768K)], 0.0725073 secs] [Times: user=0.07 sys=0.00, real=0.07 secs] 
0.776: [GC (Allocation Failure) 0.776: [DefNew: 139713K->17470K(157248K), 0.0149244 secs] 434970K->341441K(506816K), 0.0150192 secs] [Times: user=0.01 sys=0.01, real=0.02 secs] 
0.823: [GC (Allocation Failure) 0.823: [DefNew: 157246K->157246K(157248K), 0.0000200 secs]0.823: [Tenured: 323970K->315138K(349568K), 0.0764381 secs] 481217K->315138K(506816K), [Metaspace: 2482K->2482K(1056768K)], 0.0766223 secs] [Times: user=0.08 sys=0.00, real=0.08 secs] 
0.931: [GC (Allocation Failure) 0.931: [DefNew: 139776K->139776K(157248K), 0.0000194 secs]0.931: [Tenured: 315138K->301092K(349568K), 0.0789545 secs] 454914K->301092K(506816K), [Metaspace: 2482K->2482K(1056768K)], 0.0790738 secs] [Times: user=0.07 sys=0.00, real=0.08 secs] 
1.047: [GC (Allocation Failure) 1.047: [DefNew: 139776K->17472K(157248K), 0.0120424 secs] 440868K->345669K(506816K), 0.0121514 secs] [Times: user=0.01 sys=0.00, real=0.02 secs] 
Heap
 def new generation   total 157248K, used 23096K [0x00000000e0000000, 0x00000000eaaa0000, 0x00000000eaaa0000)
  eden space 139776K,   4% used [0x00000000e0000000, 0x00000000e057e160, 0x00000000e8880000)
  from space 17472K, 100% used [0x00000000e8880000, 0x00000000e9990000, 0x00000000e9990000)
  to   space 17472K,   0% used [0x00000000e9990000, 0x00000000e9990000, 0x00000000eaaa0000)
 tenured generation   total 349568K, used 328197K [0x00000000eaaa0000, 0x0000000100000000, 0x0000000100000000)
   the space 349568K,  93% used [0x00000000eaaa0000, 0x00000000feb214c0, 0x00000000feb21600, 0x0000000100000000)
 Metaspace       used 2489K, capacity 4486K, committed 4864K, reserved 1056768K
  class space    used 264K, capacity 386K, committed 512K, reserved 1048576K
